Tue Aug  6 14:25:12 IST 2024
0.0	0.0	0.0	0.0	0.0	0.0	0.0	0.0	0.0	0.0	0.0	0.0	0.0	0.0	0.0	0.0	0.0	0.0	0.0	0.0	0.0	0.0	0.0	0.0	0.0	0.0	0.0	0.0	0.0	0.0	0.0	0.0	0.0	0.0	0.0	0.0	0.0	0.0	0.0	0.0	0.0	0.0	0.0	0.0	0.0	0.0	0.0	0.0	0.0	0.0	0.0	0.0	0.0	0.0	0.0	0.0	0.0	0.0	0.0	0.0	
0.0	0.0	1.0	0.0	0.0	0.0	0.0	0.0	0.0	0.0	0.0	0.0	0.0	0.0	0.0	0.0	0.0	0.0	0.0	0.0	0.0	0.0	0.0	0.0	0.0	0.0	0.0	0.0	0.0	0.0	0.0	0.0	0.0	0.0	0.0	0.0	0.0	0.0	0.0	0.0	0.0	0.0	0.0	0.0	0.0	0.0	0.0	0.0	0.0	0.0	0.0	0.0	0.0	0.0	0.0	0.0	0.0	0.0	0.0	0.0	
0.0	1.0	0.0	0.0	0.0	0.0	0.0	0.0	0.0	0.0	0.0	0.0	0.0	0.0	0.0	0.0	0.0	0.0	0.0	0.0	0.0	0.0	0.0	0.0	0.0	0.0	0.0	0.0	0.0	0.0	0.0	0.0	0.0	0.0	0.0	0.0	0.0	0.0	0.0	0.0	0.0	0.0	0.0	0.0	0.0	0.0	0.0	0.0	0.0	0.0	0.0	0.0	0.0	0.0	0.0	0.0	0.0	0.0	0.0	0.0	
0.0	0.0	0.0	0.0	1.0	0.0	0.0	0.0	0.0	0.0	0.0	0.0	0.0	0.0	0.0	0.0	0.0	0.0	0.0	0.0	0.0	0.0	0.0	0.0	0.0	0.0	0.0	0.0	0.0	0.0	0.0	0.0	0.0	0.0	0.0	0.0	0.0	0.0	0.0	0.0	0.0	0.0	0.0	0.0	0.0	0.0	0.0	0.0	0.0	0.0	0.0	0.0	0.0	0.0	0.0	0.0	0.0	0.0	0.0	0.0	
0.0	0.0	0.0	1.0	0.0	0.0	0.0	0.0	0.0	0.0	0.0	0.0	0.0	0.0	0.0	0.0	0.0	0.0	0.0	0.0	0.0	0.0	0.0	0.0	0.0	0.0	0.0	0.0	0.0	0.0	0.0	0.0	0.0	0.0	0.0	0.0	0.0	0.0	0.0	0.0	0.0	0.0	0.0	0.0	0.0	0.0	0.0	0.0	0.0	0.0	0.0	0.0	0.0	0.0	0.0	0.0	0.0	0.0	0.0	0.0	
0.0	0.0	0.0	0.0	0.0	0.0	1.0	0.0	0.0	0.0	0.0	0.0	0.0	0.0	0.0	0.0	0.0	0.0	0.0	0.0	0.0	0.0	0.0	0.0	0.0	0.0	0.0	0.0	0.0	0.0	0.0	0.0	0.0	0.0	0.0	0.0	0.0	0.0	0.0	0.0	0.0	0.0	0.0	0.0	0.0	0.0	0.0	0.0	0.0	0.0	0.0	0.0	0.0	0.0	0.0	0.0	0.0	0.0	0.0	0.0	
0.0	0.0	0.0	0.0	0.0	1.0	0.0	0.0	0.0	0.0	0.0	0.0	0.0	0.0	0.0	0.0	0.0	0.0	0.0	0.0	0.0	0.0	0.0	0.0	0.0	0.0	0.0	0.0	0.0	0.0	0.0	0.0	0.0	0.0	0.0	0.0	0.0	0.0	0.0	0.0	0.0	0.0	0.0	0.0	0.0	0.0	0.0	0.0	0.0	0.0	0.0	0.0	0.0	0.0	0.0	0.0	0.0	0.0	0.0	0.0	
0.0	0.0	0.0	0.0	0.0	0.0	0.0	0.0	1.0	0.0	0.0	0.0	0.0	0.0	0.0	0.0	0.0	0.0	0.0	0.0	0.0	0.0	0.0	0.0	0.0	0.0	0.0	0.0	0.0	0.0	0.0	0.0	0.0	0.0	0.0	0.0	0.0	0.0	0.0	0.0	0.0	0.0	0.0	0.0	0.0	0.0	0.0	0.0	0.0	0.0	0.0	0.0	0.0	0.0	0.0	0.0	0.0	0.0	0.0	0.0	
0.0	0.0	0.0	0.0	0.0	0.0	0.0	1.0	0.0	0.0	0.0	0.0	0.0	0.0	0.0	0.0	0.0	0.0	0.0	0.0	0.0	0.0	0.0	0.0	0.0	0.0	0.0	0.0	0.0	0.0	0.0	0.0	0.0	0.0	0.0	0.0	0.0	0.0	0.0	0.0	0.0	0.0	0.0	0.0	0.0	0.0	0.0	0.0	0.0	0.0	0.0	0.0	0.0	0.0	0.0	0.0	0.0	0.0	0.0	0.0	
0.0	0.0	0.0	0.0	0.0	0.0	0.0	0.0	0.0	0.0	1.0	0.0	0.0	0.0	0.0	0.0	0.0	0.0	0.0	0.0	0.0	0.0	0.0	0.0	0.0	0.0	0.0	0.0	0.0	0.0	0.0	0.0	0.0	0.0	0.0	0.0	0.0	0.0	0.0	0.0	0.0	0.0	0.0	0.0	0.0	0.0	0.0	0.0	0.0	0.0	0.0	0.0	0.0	0.0	0.0	0.0	0.0	0.0	0.0	0.0	
0.0	0.0	0.0	0.0	0.0	0.0	0.0	0.0	0.0	1.0	0.0	0.0	0.0	0.0	0.0	0.0	0.0	0.0	0.0	0.0	0.0	0.0	0.0	0.0	0.0	0.0	0.0	0.0	0.0	0.0	0.0	0.0	0.0	0.0	0.0	0.0	0.0	0.0	0.0	0.0	0.0	0.0	0.0	0.0	0.0	0.0	0.0	0.0	0.0	0.0	0.0	0.0	0.0	0.0	0.0	0.0	0.0	0.0	0.0	0.0	
0.0	0.0	0.0	0.0	0.0	0.0	0.0	0.0	0.0	0.0	0.0	0.0	1.0	0.0	0.0	0.0	0.0	0.0	0.0	0.0	0.0	0.0	0.0	0.0	0.0	0.0	0.0	0.0	0.0	0.0	0.0	0.0	0.0	0.0	0.0	0.0	0.0	0.0	0.0	0.0	0.0	0.0	0.0	0.0	0.0	0.0	0.0	0.0	0.0	0.0	0.0	0.0	0.0	0.0	0.0	0.0	0.0	0.0	0.0	0.0	
0.0	0.0	0.0	0.0	0.0	0.0	0.0	0.0	0.0	0.0	0.0	1.0	0.0	0.0	0.0	0.0	0.0	0.0	0.0	0.0	0.0	0.0	0.0	0.0	0.0	0.0	0.0	0.0	0.0	0.0	0.0	0.0	0.0	0.0	0.0	0.0	0.0	0.0	0.0	0.0	0.0	0.0	0.0	0.0	0.0	0.0	0.0	0.0	0.0	0.0	0.0	0.0	0.0	0.0	0.0	0.0	0.0	0.0	0.0	0.0	
0.0	0.0	0.0	0.0	0.0	0.0	0.0	0.0	0.0	0.0	0.0	0.0	0.0	0.0	1.0	0.0	0.0	0.0	0.0	0.0	0.0	0.0	0.0	0.0	0.0	0.0	0.0	0.0	0.0	0.0	0.0	0.0	0.0	0.0	0.0	0.0	0.0	0.0	0.0	0.0	0.0	0.0	0.0	0.0	0.0	0.0	0.0	0.0	0.0	0.0	0.0	0.0	0.0	0.0	0.0	0.0	0.0	0.0	0.0	0.0	
0.0	0.0	0.0	0.0	0.0	0.0	0.0	0.0	0.0	0.0	0.0	0.0	0.0	1.0	0.0	0.0	0.0	0.0	0.0	0.0	0.0	0.0	0.0	0.0	0.0	0.0	0.0	0.0	0.0	0.0	0.0	0.0	0.0	0.0	0.0	0.0	0.0	0.0	0.0	0.0	0.0	0.0	0.0	0.0	0.0	0.0	0.0	0.0	0.0	0.0	0.0	0.0	0.0	0.0	0.0	0.0	0.0	0.0	0.0	0.0	
0.0	0.0	0.0	0.0	0.0	0.0	0.0	0.0	0.0	0.0	0.0	0.0	0.0	0.0	0.0	0.0	1.0	0.0	0.0	0.0	0.0	0.0	0.0	0.0	0.0	0.0	0.0	0.0	0.0	0.0	0.0	0.0	0.0	0.0	0.0	0.0	0.0	0.0	0.0	0.0	0.0	0.0	0.0	0.0	0.0	0.0	0.0	0.0	0.0	0.0	0.0	0.0	0.0	0.0	0.0	0.0	0.0	0.0	0.0	0.0	
0.0	0.0	0.0	0.0	0.0	0.0	0.0	0.0	0.0	0.0	0.0	0.0	0.0	0.0	0.0	1.0	0.0	0.0	0.0	0.0	0.0	0.0	0.0	0.0	0.0	0.0	0.0	0.0	0.0	0.0	0.0	0.0	0.0	0.0	0.0	0.0	0.0	0.0	0.0	0.0	0.0	0.0	0.0	0.0	0.0	0.0	0.0	0.0	0.0	0.0	0.0	0.0	0.0	0.0	0.0	0.0	0.0	0.0	0.0	0.0	
0.0	0.0	0.0	0.0	0.0	0.0	0.0	0.0	0.0	0.0	0.0	0.0	0.0	0.0	0.0	0.0	0.0	0.0	1.0	0.0	0.0	0.0	0.0	0.0	0.0	0.0	0.0	0.0	0.0	0.0	0.0	0.0	0.0	0.0	0.0	0.0	0.0	0.0	0.0	0.0	0.0	0.0	0.0	0.0	0.0	0.0	0.0	0.0	0.0	0.0	0.0	0.0	0.0	0.0	0.0	0.0	0.0	0.0	0.0	0.0	
0.0	0.0	0.0	0.0	0.0	0.0	0.0	0.0	0.0	0.0	0.0	0.0	0.0	0.0	0.0	0.0	0.0	1.0	0.0	0.0	0.0	0.0	0.0	0.0	0.0	0.0	0.0	0.0	0.0	0.0	0.0	0.0	0.0	0.0	0.0	0.0	0.0	0.0	0.0	0.0	0.0	0.0	0.0	0.0	0.0	0.0	0.0	0.0	0.0	0.0	0.0	0.0	0.0	0.0	0.0	0.0	0.0	0.0	0.0	0.0	
0.0	0.0	0.0	0.0	0.0	0.0	0.0	0.0	0.0	0.0	0.0	0.0	0.0	0.0	0.0	0.0	0.0	0.0	0.0	0.0	1.0	0.0	0.0	0.0	0.0	0.0	0.0	0.0	0.0	0.0	0.0	0.0	0.0	0.0	0.0	0.0	0.0	0.0	0.0	0.0	0.0	0.0	0.0	0.0	0.0	0.0	0.0	0.0	0.0	0.0	0.0	0.0	0.0	0.0	0.0	0.0	0.0	0.0	0.0	0.0	
0.0	0.0	0.0	0.0	0.0	0.0	0.0	0.0	0.0	0.0	0.0	0.0	0.0	0.0	0.0	0.0	0.0	0.0	0.0	1.0	0.0	0.0	0.0	0.0	0.0	0.0	0.0	0.0	0.0	0.0	0.0	0.0	0.0	0.0	0.0	0.0	0.0	0.0	0.0	0.0	0.0	0.0	0.0	0.0	0.0	0.0	0.0	0.0	0.0	0.0	0.0	0.0	0.0	0.0	0.0	0.0	0.0	0.0	0.0	0.0	
0.0	0.0	0.0	0.0	0.0	0.0	0.0	0.0	0.0	0.0	0.0	0.0	0.0	0.0	0.0	0.0	0.0	0.0	0.0	0.0	0.0	0.0	1.0	0.0	0.0	0.0	0.0	0.0	0.0	0.0	0.0	0.0	0.0	0.0	0.0	0.0	0.0	0.0	0.0	0.0	0.0	0.0	0.0	0.0	0.0	0.0	0.0	0.0	0.0	0.0	0.0	0.0	0.0	0.0	0.0	0.0	0.0	0.0	0.0	0.0	
0.0	0.0	0.0	0.0	0.0	0.0	0.0	0.0	0.0	0.0	0.0	0.0	0.0	0.0	0.0	0.0	0.0	0.0	0.0	0.0	0.0	1.0	0.0	0.0	0.0	0.0	0.0	0.0	0.0	0.0	0.0	0.0	0.0	0.0	0.0	0.0	0.0	0.0	0.0	0.0	0.0	0.0	0.0	0.0	0.0	0.0	0.0	0.0	0.0	0.0	0.0	0.0	0.0	0.0	0.0	0.0	0.0	0.0	0.0	0.0	
0.0	0.0	0.0	0.0	0.0	0.0	0.0	0.0	0.0	0.0	0.0	0.0	0.0	0.0	0.0	0.0	0.0	0.0	0.0	0.0	0.0	0.0	0.0	0.0	1.0	0.0	0.0	0.0	0.0	0.0	0.0	0.0	0.0	0.0	0.0	0.0	0.0	0.0	0.0	0.0	0.0	0.0	0.0	0.0	0.0	0.0	0.0	0.0	0.0	0.0	0.0	0.0	0.0	0.0	0.0	0.0	0.0	0.0	0.0	0.0	
0.0	0.0	0.0	0.0	0.0	0.0	0.0	0.0	0.0	0.0	0.0	0.0	0.0	0.0	0.0	0.0	0.0	0.0	0.0	0.0	0.0	0.0	0.0	1.0	0.0	0.0	0.0	0.0	0.0	0.0	0.0	0.0	0.0	0.0	0.0	0.0	0.0	0.0	0.0	0.0	0.0	0.0	0.0	0.0	0.0	0.0	0.0	0.0	0.0	0.0	0.0	0.0	0.0	0.0	0.0	0.0	0.0	0.0	0.0	0.0	
0.0	0.0	0.0	0.0	0.0	0.0	0.0	0.0	0.0	0.0	0.0	0.0	0.0	0.0	0.0	0.0	0.0	0.0	0.0	0.0	0.0	0.0	0.0	0.0	0.0	0.0	1.0	0.0	0.0	0.0	0.0	0.0	0.0	0.0	0.0	0.0	0.0	0.0	0.0	0.0	0.0	0.0	0.0	0.0	0.0	0.0	0.0	0.0	0.0	0.0	0.0	0.0	0.0	0.0	0.0	0.0	0.0	0.0	0.0	0.0	
0.0	0.0	0.0	0.0	0.0	0.0	0.0	0.0	0.0	0.0	0.0	0.0	0.0	0.0	0.0	0.0	0.0	0.0	0.0	0.0	0.0	0.0	0.0	0.0	0.0	1.0	0.0	0.0	0.0	0.0	0.0	0.0	0.0	0.0	0.0	0.0	0.0	0.0	0.0	0.0	0.0	0.0	0.0	0.0	0.0	0.0	0.0	0.0	0.0	0.0	0.0	0.0	0.0	0.0	0.0	0.0	0.0	0.0	0.0	0.0	
0.0	0.0	0.0	0.0	0.0	0.0	0.0	0.0	0.0	0.0	0.0	0.0	0.0	0.0	0.0	0.0	0.0	0.0	0.0	0.0	0.0	0.0	0.0	0.0	0.0	0.0	0.0	0.0	1.0	0.0	0.0	0.0	0.0	0.0	0.0	0.0	0.0	0.0	0.0	0.0	0.0	0.0	0.0	0.0	0.0	0.0	0.0	0.0	0.0	0.0	0.0	0.0	0.0	0.0	0.0	0.0	0.0	0.0	0.0	0.0	
0.0	0.0	0.0	0.0	0.0	0.0	0.0	0.0	0.0	0.0	0.0	0.0	0.0	0.0	0.0	0.0	0.0	0.0	0.0	0.0	0.0	0.0	0.0	0.0	0.0	0.0	0.0	1.0	0.0	0.0	0.0	0.0	0.0	0.0	0.0	0.0	0.0	0.0	0.0	0.0	0.0	0.0	0.0	0.0	0.0	0.0	0.0	0.0	0.0	0.0	0.0	0.0	0.0	0.0	0.0	0.0	0.0	0.0	0.0	0.0	
0.0	0.0	0.0	0.0	0.0	0.0	0.0	0.0	0.0	0.0	0.0	0.0	0.0	0.0	0.0	0.0	0.0	0.0	0.0	0.0	0.0	0.0	0.0	0.0	0.0	0.0	0.0	0.0	0.0	0.0	1.0	0.0	0.0	0.0	0.0	0.0	0.0	0.0	0.0	0.0	0.0	0.0	0.0	0.0	0.0	0.0	0.0	0.0	0.0	0.0	0.0	0.0	0.0	0.0	0.0	0.0	0.0	0.0	0.0	0.0	
0.0	0.0	0.0	0.0	0.0	0.0	0.0	0.0	0.0	0.0	0.0	0.0	0.0	0.0	0.0	0.0	0.0	0.0	0.0	0.0	0.0	0.0	0.0	0.0	0.0	0.0	0.0	0.0	0.0	1.0	0.0	0.0	0.0	0.0	0.0	0.0	0.0	0.0	0.0	0.0	0.0	0.0	0.0	0.0	0.0	0.0	0.0	0.0	0.0	0.0	0.0	0.0	0.0	0.0	0.0	0.0	0.0	0.0	0.0	0.0	
0.0	0.0	0.0	0.0	0.0	0.0	0.0	0.0	0.0	0.0	0.0	0.0	0.0	0.0	0.0	0.0	0.0	0.0	0.0	0.0	0.0	0.0	0.0	0.0	0.0	0.0	0.0	0.0	0.0	0.0	0.0	0.0	1.0	0.0	0.0	0.0	0.0	0.0	0.0	0.0	0.0	0.0	0.0	0.0	0.0	0.0	0.0	0.0	0.0	0.0	0.0	0.0	0.0	0.0	0.0	0.0	0.0	0.0	0.0	0.0	
0.0	0.0	0.0	0.0	0.0	0.0	0.0	0.0	0.0	0.0	0.0	0.0	0.0	0.0	0.0	0.0	0.0	0.0	0.0	0.0	0.0	0.0	0.0	0.0	0.0	0.0	0.0	0.0	0.0	0.0	0.0	1.0	0.0	0.0	0.0	0.0	0.0	0.0	0.0	0.0	0.0	0.0	0.0	0.0	0.0	0.0	0.0	0.0	0.0	0.0	0.0	0.0	0.0	0.0	0.0	0.0	0.0	0.0	0.0	0.0	
0.0	0.0	0.0	0.0	0.0	0.0	0.0	0.0	0.0	0.0	0.0	0.0	0.0	0.0	0.0	0.0	0.0	0.0	0.0	0.0	0.0	0.0	0.0	0.0	0.0	0.0	0.0	0.0	0.0	0.0	0.0	0.0	0.0	0.0	1.0	0.0	0.0	0.0	0.0	0.0	0.0	0.0	0.0	0.0	0.0	0.0	0.0	0.0	0.0	0.0	0.0	0.0	0.0	0.0	0.0	0.0	0.0	0.0	0.0	0.0	
0.0	0.0	0.0	0.0	0.0	0.0	0.0	0.0	0.0	0.0	0.0	0.0	0.0	0.0	0.0	0.0	0.0	0.0	0.0	0.0	0.0	0.0	0.0	0.0	0.0	0.0	0.0	0.0	0.0	0.0	0.0	0.0	0.0	1.0	0.0	0.0	0.0	0.0	0.0	0.0	0.0	0.0	0.0	0.0	0.0	0.0	0.0	0.0	0.0	0.0	0.0	0.0	0.0	0.0	0.0	0.0	0.0	0.0	0.0	0.0	
0.0	0.0	0.0	0.0	0.0	0.0	0.0	0.0	0.0	0.0	0.0	0.0	0.0	0.0	0.0	0.0	0.0	0.0	0.0	0.0	0.0	0.0	0.0	0.0	0.0	0.0	0.0	0.0	0.0	0.0	0.0	0.0	0.0	0.0	0.0	0.0	1.0	0.0	0.0	0.0	0.0	0.0	0.0	0.0	0.0	0.0	0.0	0.0	0.0	0.0	0.0	0.0	0.0	0.0	0.0	0.0	0.0	0.0	0.0	0.0	
0.0	0.0	0.0	0.0	0.0	0.0	0.0	0.0	0.0	0.0	0.0	0.0	0.0	0.0	0.0	0.0	0.0	0.0	0.0	0.0	0.0	0.0	0.0	0.0	0.0	0.0	0.0	0.0	0.0	0.0	0.0	0.0	0.0	0.0	0.0	1.0	0.0	0.0	0.0	0.0	0.0	0.0	0.0	0.0	0.0	0.0	0.0	0.0	0.0	0.0	0.0	0.0	0.0	0.0	0.0	0.0	0.0	0.0	0.0	0.0	
0.0	0.0	0.0	0.0	0.0	0.0	0.0	0.0	0.0	0.0	0.0	0.0	0.0	0.0	0.0	0.0	0.0	0.0	0.0	0.0	0.0	0.0	0.0	0.0	0.0	0.0	0.0	0.0	0.0	0.0	0.0	0.0	0.0	0.0	0.0	0.0	0.0	0.0	1.0	0.0	0.0	0.0	0.0	0.0	0.0	0.0	0.0	0.0	0.0	0.0	0.0	0.0	0.0	0.0	0.0	0.0	0.0	0.0	0.0	0.0	
0.0	0.0	0.0	0.0	0.0	0.0	0.0	0.0	0.0	0.0	0.0	0.0	0.0	0.0	0.0	0.0	0.0	0.0	0.0	0.0	0.0	0.0	0.0	0.0	0.0	0.0	0.0	0.0	0.0	0.0	0.0	0.0	0.0	0.0	0.0	0.0	0.0	1.0	0.0	0.0	0.0	0.0	0.0	0.0	0.0	0.0	0.0	0.0	0.0	0.0	0.0	0.0	0.0	0.0	0.0	0.0	0.0	0.0	0.0	0.0	
0.0	0.0	0.0	0.0	0.0	0.0	0.0	0.0	0.0	0.0	0.0	0.0	0.0	0.0	0.0	0.0	0.0	0.0	0.0	0.0	0.0	0.0	0.0	0.0	0.0	0.0	0.0	0.0	0.0	0.0	0.0	0.0	0.0	0.0	0.0	0.0	0.0	0.0	0.0	0.0	1.0	0.0	0.0	0.0	0.0	0.0	0.0	0.0	0.0	0.0	0.0	0.0	0.0	0.0	0.0	0.0	0.0	0.0	0.0	0.0	
0.0	0.0	0.0	0.0	0.0	0.0	0.0	0.0	0.0	0.0	0.0	0.0	0.0	0.0	0.0	0.0	0.0	0.0	0.0	0.0	0.0	0.0	0.0	0.0	0.0	0.0	0.0	0.0	0.0	0.0	0.0	0.0	0.0	0.0	0.0	0.0	0.0	0.0	0.0	1.0	0.0	0.0	0.0	0.0	0.0	0.0	0.0	0.0	0.0	0.0	0.0	0.0	0.0	0.0	0.0	0.0	0.0	0.0	0.0	0.0	
0.0	0.0	0.0	0.0	0.0	0.0	0.0	0.0	0.0	0.0	0.0	0.0	0.0	0.0	0.0	0.0	0.0	0.0	0.0	0.0	0.0	0.0	0.0	0.0	0.0	0.0	0.0	0.0	0.0	0.0	0.0	0.0	0.0	0.0	0.0	0.0	0.0	0.0	0.0	0.0	0.0	0.0	1.0	0.0	0.0	0.0	0.0	0.0	0.0	0.0	0.0	0.0	0.0	0.0	0.0	0.0	0.0	0.0	0.0	0.0	
0.0	0.0	0.0	0.0	0.0	0.0	0.0	0.0	0.0	0.0	0.0	0.0	0.0	0.0	0.0	0.0	0.0	0.0	0.0	0.0	0.0	0.0	0.0	0.0	0.0	0.0	0.0	0.0	0.0	0.0	0.0	0.0	0.0	0.0	0.0	0.0	0.0	0.0	0.0	0.0	0.0	1.0	0.0	0.0	0.0	0.0	0.0	0.0	0.0	0.0	0.0	0.0	0.0	0.0	0.0	0.0	0.0	0.0	0.0	0.0	
0.0	0.0	0.0	0.0	0.0	0.0	0.0	0.0	0.0	0.0	0.0	0.0	0.0	0.0	0.0	0.0	0.0	0.0	0.0	0.0	0.0	0.0	0.0	0.0	0.0	0.0	0.0	0.0	0.0	0.0	0.0	0.0	0.0	0.0	0.0	0.0	0.0	0.0	0.0	0.0	0.0	0.0	0.0	0.0	1.0	0.0	0.0	0.0	0.0	0.0	0.0	0.0	0.0	0.0	0.0	0.0	0.0	0.0	0.0	0.0	
0.0	0.0	0.0	0.0	0.0	0.0	0.0	0.0	0.0	0.0	0.0	0.0	0.0	0.0	0.0	0.0	0.0	0.0	0.0	0.0	0.0	0.0	0.0	0.0	0.0	0.0	0.0	0.0	0.0	0.0	0.0	0.0	0.0	0.0	0.0	0.0	0.0	0.0	0.0	0.0	0.0	0.0	0.0	1.0	0.0	0.0	0.0	0.0	0.0	0.0	0.0	0.0	0.0	0.0	0.0	0.0	0.0	0.0	0.0	0.0	
0.0	0.0	0.0	0.0	0.0	0.0	0.0	0.0	0.0	0.0	0.0	0.0	0.0	0.0	0.0	0.0	0.0	0.0	0.0	0.0	0.0	0.0	0.0	0.0	0.0	0.0	0.0	0.0	0.0	0.0	0.0	0.0	0.0	0.0	0.0	0.0	0.0	0.0	0.0	0.0	0.0	0.0	0.0	0.0	0.0	0.0	1.0	0.0	0.0	0.0	0.0	0.0	0.0	0.0	0.0	0.0	0.0	0.0	0.0	0.0	
0.0	0.0	0.0	0.0	0.0	0.0	0.0	0.0	0.0	0.0	0.0	0.0	0.0	0.0	0.0	0.0	0.0	0.0	0.0	0.0	0.0	0.0	0.0	0.0	0.0	0.0	0.0	0.0	0.0	0.0	0.0	0.0	0.0	0.0	0.0	0.0	0.0	0.0	0.0	0.0	0.0	0.0	0.0	0.0	0.0	1.0	0.0	0.0	0.0	0.0	0.0	0.0	0.0	0.0	0.0	0.0	0.0	0.0	0.0	0.0	
0.0	0.0	0.0	0.0	0.0	0.0	0.0	0.0	0.0	0.0	0.0	0.0	0.0	0.0	0.0	0.0	0.0	0.0	0.0	0.0	0.0	0.0	0.0	0.0	0.0	0.0	0.0	0.0	0.0	0.0	0.0	0.0	0.0	0.0	0.0	0.0	0.0	0.0	0.0	0.0	0.0	0.0	0.0	0.0	0.0	0.0	0.0	0.0	1.0	0.0	0.0	0.0	0.0	0.0	0.0	0.0	0.0	0.0	0.0	0.0	
0.0	0.0	0.0	0.0	0.0	0.0	0.0	0.0	0.0	0.0	0.0	0.0	0.0	0.0	0.0	0.0	0.0	0.0	0.0	0.0	0.0	0.0	0.0	0.0	0.0	0.0	0.0	0.0	0.0	0.0	0.0	0.0	0.0	0.0	0.0	0.0	0.0	0.0	0.0	0.0	0.0	0.0	0.0	0.0	0.0	0.0	0.0	1.0	0.0	0.0	0.0	0.0	0.0	0.0	0.0	0.0	0.0	0.0	0.0	0.0	
0.0	0.0	0.0	0.0	0.0	0.0	0.0	0.0	0.0	0.0	0.0	0.0	0.0	0.0	0.0	0.0	0.0	0.0	0.0	0.0	0.0	0.0	0.0	0.0	0.0	0.0	0.0	0.0	0.0	0.0	0.0	0.0	0.0	0.0	0.0	0.0	0.0	0.0	0.0	0.0	0.0	0.0	0.0	0.0	0.0	0.0	0.0	0.0	0.0	0.0	1.0	0.0	0.0	0.0	0.0	0.0	0.0	0.0	0.0	0.0	
0.0	0.0	0.0	0.0	0.0	0.0	0.0	0.0	0.0	0.0	0.0	0.0	0.0	0.0	0.0	0.0	0.0	0.0	0.0	0.0	0.0	0.0	0.0	0.0	0.0	0.0	0.0	0.0	0.0	0.0	0.0	0.0	0.0	0.0	0.0	0.0	0.0	0.0	0.0	0.0	0.0	0.0	0.0	0.0	0.0	0.0	0.0	0.0	0.0	1.0	0.0	0.0	0.0	0.0	0.0	0.0	0.0	0.0	0.0	0.0	
0.0	0.0	0.0	0.0	0.0	0.0	0.0	0.0	0.0	0.0	0.0	0.0	0.0	0.0	0.0	0.0	0.0	0.0	0.0	0.0	0.0	0.0	0.0	0.0	0.0	0.0	0.0	0.0	0.0	0.0	0.0	0.0	0.0	0.0	0.0	0.0	0.0	0.0	0.0	0.0	0.0	0.0	0.0	0.0	0.0	0.0	0.0	0.0	0.0	0.0	0.0	0.0	1.0	0.0	0.0	0.0	0.0	0.0	0.0	0.0	
0.0	0.0	0.0	0.0	0.0	0.0	0.0	0.0	0.0	0.0	0.0	0.0	0.0	0.0	0.0	0.0	0.0	0.0	0.0	0.0	0.0	0.0	0.0	0.0	0.0	0.0	0.0	0.0	0.0	0.0	0.0	0.0	0.0	0.0	0.0	0.0	0.0	0.0	0.0	0.0	0.0	0.0	0.0	0.0	0.0	0.0	0.0	0.0	0.0	0.0	0.0	1.0	0.0	0.0	0.0	0.0	0.0	0.0	0.0	0.0	
0.0	0.0	0.0	0.0	0.0	0.0	0.0	0.0	0.0	0.0	0.0	0.0	0.0	0.0	0.0	0.0	0.0	0.0	0.0	0.0	0.0	0.0	0.0	0.0	0.0	0.0	0.0	0.0	0.0	0.0	0.0	0.0	0.0	0.0	0.0	0.0	0.0	0.0	0.0	0.0	0.0	0.0	0.0	0.0	0.0	0.0	0.0	0.0	0.0	0.0	0.0	0.0	0.0	0.0	1.0	0.0	0.0	0.0	0.0	0.0	
0.0	0.0	0.0	0.0	0.0	0.0	0.0	0.0	0.0	0.0	0.0	0.0	0.0	0.0	0.0	0.0	0.0	0.0	0.0	0.0	0.0	0.0	0.0	0.0	0.0	0.0	0.0	0.0	0.0	0.0	0.0	0.0	0.0	0.0	0.0	0.0	0.0	0.0	0.0	0.0	0.0	0.0	0.0	0.0	0.0	0.0	0.0	0.0	0.0	0.0	0.0	0.0	0.0	1.0	0.0	0.0	0.0	0.0	0.0	0.0	
0.0	0.0	0.0	0.0	0.0	0.0	0.0	0.0	0.0	0.0	0.0	0.0	0.0	0.0	0.0	0.0	0.0	0.0	0.0	0.0	0.0	0.0	0.0	0.0	0.0	0.0	0.0	0.0	0.0	0.0	0.0	0.0	0.0	0.0	0.0	0.0	0.0	0.0	0.0	0.0	0.0	0.0	0.0	0.0	0.0	0.0	0.0	0.0	0.0	0.0	0.0	0.0	0.0	0.0	0.0	0.0	1.0	0.0	0.0	0.0	
0.0	0.0	0.0	0.0	0.0	0.0	0.0	0.0	0.0	0.0	0.0	0.0	0.0	0.0	0.0	0.0	0.0	0.0	0.0	0.0	0.0	0.0	0.0	0.0	0.0	0.0	0.0	0.0	0.0	0.0	0.0	0.0	0.0	0.0	0.0	0.0	0.0	0.0	0.0	0.0	0.0	0.0	0.0	0.0	0.0	0.0	0.0	0.0	0.0	0.0	0.0	0.0	0.0	0.0	0.0	1.0	0.0	0.0	0.0	0.0	
0.0	0.0	0.0	0.0	0.0	0.0	0.0	0.0	0.0	0.0	0.0	0.0	0.0	0.0	0.0	0.0	0.0	0.0	0.0	0.0	0.0	0.0	0.0	0.0	0.0	0.0	0.0	0.0	0.0	0.0	0.0	0.0	0.0	0.0	0.0	0.0	0.0	0.0	0.0	0.0	0.0	0.0	0.0	0.0	0.0	0.0	0.0	0.0	0.0	0.0	0.0	0.0	0.0	0.0	0.0	0.0	0.0	0.0	1.0	0.0	
0.0	0.0	0.0	0.0	0.0	0.0	0.0	0.0	0.0	0.0	0.0	0.0	0.0	0.0	0.0	0.0	0.0	0.0	0.0	0.0	0.0	0.0	0.0	0.0	0.0	0.0	0.0	0.0	0.0	0.0	0.0	0.0	0.0	0.0	0.0	0.0	0.0	0.0	0.0	0.0	0.0	0.0	0.0	0.0	0.0	0.0	0.0	0.0	0.0	0.0	0.0	0.0	0.0	0.0	0.0	0.0	0.0	1.0	0.0	0.0	
0.0	0.0	0.0	0.0	0.0	0.0	0.0	0.0	0.0	0.0	0.0	0.0	0.0	0.0	0.0	0.0	0.0	0.0	0.0	0.0	0.0	0.0	0.0	0.0	0.0	0.0	0.0	0.0	0.0	0.0	0.0	0.0	0.0	0.0	0.0	0.0	0.0	0.0	0.0	0.0	0.0	0.0	0.0	0.0	0.0	0.0	0.0	0.0	0.0	0.0	0.0	0.0	0.0	0.0	0.0	0.0	0.0	0.0	0.0	0.0	

0.0	1.0	0.0	0.0	0.0	0.0	0.0	0.0	0.0	0.0	0.0	0.0	0.0	0.0	0.0	0.0	0.0	0.0	0.0	0.0	0.0	0.0	0.0	0.0	0.0	0.0	0.0	0.0	0.0	0.0	0.0	0.0	0.0	0.0	0.0	0.0	0.0	0.0	0.0	0.0	0.0	0.0	0.0	0.0	0.0	0.0	0.0	0.0	0.0	0.0	0.0	0.0	0.0	0.0	0.0	0.0	0.0	0.0	0.0	0.0	
1.0	0.0	0.0	0.0	0.0	0.0	0.0	0.0	0.0	0.0	0.0	0.0	0.0	0.0	0.0	0.0	0.0	0.0	0.0	0.0	0.0	0.0	0.0	0.0	0.0	0.0	0.0	0.0	0.0	0.0	0.0	0.0	0.0	0.0	0.0	0.0	0.0	0.0	0.0	0.0	0.0	0.0	0.0	0.0	0.0	0.0	0.0	0.0	0.0	0.0	0.0	0.0	0.0	0.0	0.0	0.0	0.0	0.0	0.0	0.0	
0.0	0.0	0.0	1.0	0.0	0.0	0.0	0.0	0.0	0.0	0.0	0.0	0.0	0.0	0.0	0.0	0.0	0.0	0.0	0.0	0.0	0.0	0.0	0.0	0.0	0.0	0.0	0.0	0.0	0.0	0.0	0.0	0.0	0.0	0.0	0.0	0.0	0.0	0.0	0.0	0.0	0.0	0.0	0.0	0.0	0.0	0.0	0.0	0.0	0.0	0.0	0.0	0.0	0.0	0.0	0.0	0.0	0.0	0.0	0.0	
0.0	0.0	1.0	0.0	0.0	0.0	0.0	0.0	0.0	0.0	0.0	0.0	0.0	0.0	0.0	0.0	0.0	0.0	0.0	0.0	0.0	0.0	0.0	0.0	0.0	0.0	0.0	0.0	0.0	0.0	0.0	0.0	0.0	0.0	0.0	0.0	0.0	0.0	0.0	0.0	0.0	0.0	0.0	0.0	0.0	0.0	0.0	0.0	0.0	0.0	0.0	0.0	0.0	0.0	0.0	0.0	0.0	0.0	0.0	0.0	
0.0	0.0	0.0	0.0	0.0	1.0	0.0	0.0	0.0	0.0	0.0	0.0	0.0	0.0	0.0	0.0	0.0	0.0	0.0	0.0	0.0	0.0	0.0	0.0	0.0	0.0	0.0	0.0	0.0	0.0	0.0	0.0	0.0	0.0	0.0	0.0	0.0	0.0	0.0	0.0	0.0	0.0	0.0	0.0	0.0	0.0	0.0	0.0	0.0	0.0	0.0	0.0	0.0	0.0	0.0	0.0	0.0	0.0	0.0	0.0	
0.0	0.0	0.0	0.0	1.0	0.0	0.0	0.0	0.0	0.0	0.0	0.0	0.0	0.0	0.0	0.0	0.0	0.0	0.0	0.0	0.0	0.0	0.0	0.0	0.0	0.0	0.0	0.0	0.0	0.0	0.0	0.0	0.0	0.0	0.0	0.0	0.0	0.0	0.0	0.0	0.0	0.0	0.0	0.0	0.0	0.0	0.0	0.0	0.0	0.0	0.0	0.0	0.0	0.0	0.0	0.0	0.0	0.0	0.0	0.0	
0.0	0.0	0.0	0.0	0.0	0.0	0.0	1.0	0.0	0.0	0.0	0.0	0.0	0.0	0.0	0.0	0.0	0.0	0.0	0.0	0.0	0.0	0.0	0.0	0.0	0.0	0.0	0.0	0.0	0.0	0.0	0.0	0.0	0.0	0.0	0.0	0.0	0.0	0.0	0.0	0.0	0.0	0.0	0.0	0.0	0.0	0.0	0.0	0.0	0.0	0.0	0.0	0.0	0.0	0.0	0.0	0.0	0.0	0.0	0.0	
0.0	0.0	0.0	0.0	0.0	0.0	1.0	0.0	0.0	0.0	0.0	0.0	0.0	0.0	0.0	0.0	0.0	0.0	0.0	0.0	0.0	0.0	0.0	0.0	0.0	0.0	0.0	0.0	0.0	0.0	0.0	0.0	0.0	0.0	0.0	0.0	0.0	0.0	0.0	0.0	0.0	0.0	0.0	0.0	0.0	0.0	0.0	0.0	0.0	0.0	0.0	0.0	0.0	0.0	0.0	0.0	0.0	0.0	0.0	0.0	
0.0	0.0	0.0	0.0	0.0	0.0	0.0	0.0	0.0	1.0	0.0	0.0	0.0	0.0	0.0	0.0	0.0	0.0	0.0	0.0	0.0	0.0	0.0	0.0	0.0	0.0	0.0	0.0	0.0	0.0	0.0	0.0	0.0	0.0	0.0	0.0	0.0	0.0	0.0	0.0	0.0	0.0	0.0	0.0	0.0	0.0	0.0	0.0	0.0	0.0	0.0	0.0	0.0	0.0	0.0	0.0	0.0	0.0	0.0	0.0	
0.0	0.0	0.0	0.0	0.0	0.0	0.0	0.0	1.0	0.0	0.0	0.0	0.0	0.0	0.0	0.0	0.0	0.0	0.0	0.0	0.0	0.0	0.0	0.0	0.0	0.0	0.0	0.0	0.0	0.0	0.0	0.0	0.0	0.0	0.0	0.0	0.0	0.0	0.0	0.0	0.0	0.0	0.0	0.0	0.0	0.0	0.0	0.0	0.0	0.0	0.0	0.0	0.0	0.0	0.0	0.0	0.0	0.0	0.0	0.0	
0.0	0.0	0.0	0.0	0.0	0.0	0.0	0.0	0.0	0.0	0.0	1.0	0.0	0.0	0.0	0.0	0.0	0.0	0.0	0.0	0.0	0.0	0.0	0.0	0.0	0.0	0.0	0.0	0.0	0.0	0.0	0.0	0.0	0.0	0.0	0.0	0.0	0.0	0.0	0.0	0.0	0.0	0.0	0.0	0.0	0.0	0.0	0.0	0.0	0.0	0.0	0.0	0.0	0.0	0.0	0.0	0.0	0.0	0.0	0.0	
0.0	0.0	0.0	0.0	0.0	0.0	0.0	0.0	0.0	0.0	1.0	0.0	0.0	0.0	0.0	0.0	0.0	0.0	0.0	0.0	0.0	0.0	0.0	0.0	0.0	0.0	0.0	0.0	0.0	0.0	0.0	0.0	0.0	0.0	0.0	0.0	0.0	0.0	0.0	0.0	0.0	0.0	0.0	0.0	0.0	0.0	0.0	0.0	0.0	0.0	0.0	0.0	0.0	0.0	0.0	0.0	0.0	0.0	0.0	0.0	
0.0	0.0	0.0	0.0	0.0	0.0	0.0	0.0	0.0	0.0	0.0	0.0	0.0	1.0	0.0	0.0	0.0	0.0	0.0	0.0	0.0	0.0	0.0	0.0	0.0	0.0	0.0	0.0	0.0	0.0	0.0	0.0	0.0	0.0	0.0	0.0	0.0	0.0	0.0	0.0	0.0	0.0	0.0	0.0	0.0	0.0	0.0	0.0	0.0	0.0	0.0	0.0	0.0	0.0	0.0	0.0	0.0	0.0	0.0	0.0	
0.0	0.0	0.0	0.0	0.0	0.0	0.0	0.0	0.0	0.0	0.0	0.0	1.0	0.0	0.0	0.0	0.0	0.0	0.0	0.0	0.0	0.0	0.0	0.0	0.0	0.0	0.0	0.0	0.0	0.0	0.0	0.0	0.0	0.0	0.0	0.0	0.0	0.0	0.0	0.0	0.0	0.0	0.0	0.0	0.0	0.0	0.0	0.0	0.0	0.0	0.0	0.0	0.0	0.0	0.0	0.0	0.0	0.0	0.0	0.0	
0.0	0.0	0.0	0.0	0.0	0.0	0.0	0.0	0.0	0.0	0.0	0.0	0.0	0.0	0.0	1.0	0.0	0.0	0.0	0.0	0.0	0.0	0.0	0.0	0.0	0.0	0.0	0.0	0.0	0.0	0.0	0.0	0.0	0.0	0.0	0.0	0.0	0.0	0.0	0.0	0.0	0.0	0.0	0.0	0.0	0.0	0.0	0.0	0.0	0.0	0.0	0.0	0.0	0.0	0.0	0.0	0.0	0.0	0.0	0.0	
0.0	0.0	0.0	0.0	0.0	0.0	0.0	0.0	0.0	0.0	0.0	0.0	0.0	0.0	1.0	0.0	0.0	0.0	0.0	0.0	0.0	0.0	0.0	0.0	0.0	0.0	0.0	0.0	0.0	0.0	0.0	0.0	0.0	0.0	0.0	0.0	0.0	0.0	0.0	0.0	0.0	0.0	0.0	0.0	0.0	0.0	0.0	0.0	0.0	0.0	0.0	0.0	0.0	0.0	0.0	0.0	0.0	0.0	0.0	0.0	
0.0	0.0	0.0	0.0	0.0	0.0	0.0	0.0	0.0	0.0	0.0	0.0	0.0	0.0	0.0	0.0	0.0	1.0	0.0	0.0	0.0	0.0	0.0	0.0	0.0	0.0	0.0	0.0	0.0	0.0	0.0	0.0	0.0	0.0	0.0	0.0	0.0	0.0	0.0	0.0	0.0	0.0	0.0	0.0	0.0	0.0	0.0	0.0	0.0	0.0	0.0	0.0	0.0	0.0	0.0	0.0	0.0	0.0	0.0	0.0	
0.0	0.0	0.0	0.0	0.0	0.0	0.0	0.0	0.0	0.0	0.0	0.0	0.0	0.0	0.0	0.0	1.0	0.0	0.0	0.0	0.0	0.0	0.0	0.0	0.0	0.0	0.0	0.0	0.0	0.0	0.0	0.0	0.0	0.0	0.0	0.0	0.0	0.0	0.0	0.0	0.0	0.0	0.0	0.0	0.0	0.0	0.0	0.0	0.0	0.0	0.0	0.0	0.0	0.0	0.0	0.0	0.0	0.0	0.0	0.0	
0.0	0.0	0.0	0.0	0.0	0.0	0.0	0.0	0.0	0.0	0.0	0.0	0.0	0.0	0.0	0.0	0.0	0.0	0.0	1.0	0.0	0.0	0.0	0.0	0.0	0.0	0.0	0.0	0.0	0.0	0.0	0.0	0.0	0.0	0.0	0.0	0.0	0.0	0.0	0.0	0.0	0.0	0.0	0.0	0.0	0.0	0.0	0.0	0.0	0.0	0.0	0.0	0.0	0.0	0.0	0.0	0.0	0.0	0.0	0.0	
0.0	0.0	0.0	0.0	0.0	0.0	0.0	0.0	0.0	0.0	0.0	0.0	0.0	0.0	0.0	0.0	0.0	0.0	1.0	0.0	0.0	0.0	0.0	0.0	0.0	0.0	0.0	0.0	0.0	0.0	0.0	0.0	0.0	0.0	0.0	0.0	0.0	0.0	0.0	0.0	0.0	0.0	0.0	0.0	0.0	0.0	0.0	0.0	0.0	0.0	0.0	0.0	0.0	0.0	0.0	0.0	0.0	0.0	0.0	0.0	
0.0	0.0	0.0	0.0	0.0	0.0	0.0	0.0	0.0	0.0	0.0	0.0	0.0	0.0	0.0	0.0	0.0	0.0	0.0	0.0	0.0	1.0	0.0	0.0	0.0	0.0	0.0	0.0	0.0	0.0	0.0	0.0	0.0	0.0	0.0	0.0	0.0	0.0	0.0	0.0	0.0	0.0	0.0	0.0	0.0	0.0	0.0	0.0	0.0	0.0	0.0	0.0	0.0	0.0	0.0	0.0	0.0	0.0	0.0	0.0	
0.0	0.0	0.0	0.0	0.0	0.0	0.0	0.0	0.0	0.0	0.0	0.0	0.0	0.0	0.0	0.0	0.0	0.0	0.0	0.0	1.0	0.0	0.0	0.0	0.0	0.0	0.0	0.0	0.0	0.0	0.0	0.0	0.0	0.0	0.0	0.0	0.0	0.0	0.0	0.0	0.0	0.0	0.0	0.0	0.0	0.0	0.0	0.0	0.0	0.0	0.0	0.0	0.0	0.0	0.0	0.0	0.0	0.0	0.0	0.0	
0.0	0.0	0.0	0.0	0.0	0.0	0.0	0.0	0.0	0.0	0.0	0.0	0.0	0.0	0.0	0.0	0.0	0.0	0.0	0.0	0.0	0.0	0.0	1.0	0.0	0.0	0.0	0.0	0.0	0.0	0.0	0.0	0.0	0.0	0.0	0.0	0.0	0.0	0.0	0.0	0.0	0.0	0.0	0.0	0.0	0.0	0.0	0.0	0.0	0.0	0.0	0.0	0.0	0.0	0.0	0.0	0.0	0.0	0.0	0.0	
0.0	0.0	0.0	0.0	0.0	0.0	0.0	0.0	0.0	0.0	0.0	0.0	0.0	0.0	0.0	0.0	0.0	0.0	0.0	0.0	0.0	0.0	1.0	0.0	0.0	0.0	0.0	0.0	0.0	0.0	0.0	0.0	0.0	0.0	0.0	0.0	0.0	0.0	0.0	0.0	0.0	0.0	0.0	0.0	0.0	0.0	0.0	0.0	0.0	0.0	0.0	0.0	0.0	0.0	0.0	0.0	0.0	0.0	0.0	0.0	
0.0	0.0	0.0	0.0	0.0	0.0	0.0	0.0	0.0	0.0	0.0	0.0	0.0	0.0	0.0	0.0	0.0	0.0	0.0	0.0	0.0	0.0	0.0	0.0	0.0	1.0	0.0	0.0	0.0	0.0	0.0	0.0	0.0	0.0	0.0	0.0	0.0	0.0	0.0	0.0	0.0	0.0	0.0	0.0	0.0	0.0	0.0	0.0	0.0	0.0	0.0	0.0	0.0	0.0	0.0	0.0	0.0	0.0	0.0	0.0	
0.0	0.0	0.0	0.0	0.0	0.0	0.0	0.0	0.0	0.0	0.0	0.0	0.0	0.0	0.0	0.0	0.0	0.0	0.0	0.0	0.0	0.0	0.0	0.0	1.0	0.0	0.0	0.0	0.0	0.0	0.0	0.0	0.0	0.0	0.0	0.0	0.0	0.0	0.0	0.0	0.0	0.0	0.0	0.0	0.0	0.0	0.0	0.0	0.0	0.0	0.0	0.0	0.0	0.0	0.0	0.0	0.0	0.0	0.0	0.0	
0.0	0.0	0.0	0.0	0.0	0.0	0.0	0.0	0.0	0.0	0.0	0.0	0.0	0.0	0.0	0.0	0.0	0.0	0.0	0.0	0.0	0.0	0.0	0.0	0.0	0.0	0.0	1.0	0.0	0.0	0.0	0.0	0.0	0.0	0.0	0.0	0.0	0.0	0.0	0.0	0.0	0.0	0.0	0.0	0.0	0.0	0.0	0.0	0.0	0.0	0.0	0.0	0.0	0.0	0.0	0.0	0.0	0.0	0.0	0.0	
0.0	0.0	0.0	0.0	0.0	0.0	0.0	0.0	0.0	0.0	0.0	0.0	0.0	0.0	0.0	0.0	0.0	0.0	0.0	0.0	0.0	0.0	0.0	0.0	0.0	0.0	1.0	0.0	0.0	0.0	0.0	0.0	0.0	0.0	0.0	0.0	0.0	0.0	0.0	0.0	0.0	0.0	0.0	0.0	0.0	0.0	0.0	0.0	0.0	0.0	0.0	0.0	0.0	0.0	0.0	0.0	0.0	0.0	0.0	0.0	
0.0	0.0	0.0	0.0	0.0	0.0	0.0	0.0	0.0	0.0	0.0	0.0	0.0	0.0	0.0	0.0	0.0	0.0	0.0	0.0	0.0	0.0	0.0	0.0	0.0	0.0	0.0	0.0	0.0	1.0	0.0	0.0	0.0	0.0	0.0	0.0	0.0	0.0	0.0	0.0	0.0	0.0	0.0	0.0	0.0	0.0	0.0	0.0	0.0	0.0	0.0	0.0	0.0	0.0	0.0	0.0	0.0	0.0	0.0	0.0	
0.0	0.0	0.0	0.0	0.0	0.0	0.0	0.0	0.0	0.0	0.0	0.0	0.0	0.0	0.0	0.0	0.0	0.0	0.0	0.0	0.0	0.0	0.0	0.0	0.0	0.0	0.0	0.0	1.0	0.0	0.0	0.0	0.0	0.0	0.0	0.0	0.0	0.0	0.0	0.0	0.0	0.0	0.0	0.0	0.0	0.0	0.0	0.0	0.0	0.0	0.0	0.0	0.0	0.0	0.0	0.0	0.0	0.0	0.0	0.0	
0.0	0.0	0.0	0.0	0.0	0.0	0.0	0.0	0.0	0.0	0.0	0.0	0.0	0.0	0.0	0.0	0.0	0.0	0.0	0.0	0.0	0.0	0.0	0.0	0.0	0.0	0.0	0.0	0.0	0.0	0.0	1.0	0.0	0.0	0.0	0.0	0.0	0.0	0.0	0.0	0.0	0.0	0.0	0.0	0.0	0.0	0.0	0.0	0.0	0.0	0.0	0.0	0.0	0.0	0.0	0.0	0.0	0.0	0.0	0.0	
0.0	0.0	0.0	0.0	0.0	0.0	0.0	0.0	0.0	0.0	0.0	0.0	0.0	0.0	0.0	0.0	0.0	0.0	0.0	0.0	0.0	0.0	0.0	0.0	0.0	0.0	0.0	0.0	0.0	0.0	1.0	0.0	0.0	0.0	0.0	0.0	0.0	0.0	0.0	0.0	0.0	0.0	0.0	0.0	0.0	0.0	0.0	0.0	0.0	0.0	0.0	0.0	0.0	0.0	0.0	0.0	0.0	0.0	0.0	0.0	
0.0	0.0	0.0	0.0	0.0	0.0	0.0	0.0	0.0	0.0	0.0	0.0	0.0	0.0	0.0	0.0	0.0	0.0	0.0	0.0	0.0	0.0	0.0	0.0	0.0	0.0	0.0	0.0	0.0	0.0	0.0	0.0	0.0	1.0	0.0	0.0	0.0	0.0	0.0	0.0	0.0	0.0	0.0	0.0	0.0	0.0	0.0	0.0	0.0	0.0	0.0	0.0	0.0	0.0	0.0	0.0	0.0	0.0	0.0	0.0	
0.0	0.0	0.0	0.0	0.0	0.0	0.0	0.0	0.0	0.0	0.0	0.0	0.0	0.0	0.0	0.0	0.0	0.0	0.0	0.0	0.0	0.0	0.0	0.0	0.0	0.0	0.0	0.0	0.0	0.0	0.0	0.0	1.0	0.0	0.0	0.0	0.0	0.0	0.0	0.0	0.0	0.0	0.0	0.0	0.0	0.0	0.0	0.0	0.0	0.0	0.0	0.0	0.0	0.0	0.0	0.0	0.0	0.0	0.0	0.0	
0.0	0.0	0.0	0.0	0.0	0.0	0.0	0.0	0.0	0.0	0.0	0.0	0.0	0.0	0.0	0.0	0.0	0.0	0.0	0.0	0.0	0.0	0.0	0.0	0.0	0.0	0.0	0.0	0.0	0.0	0.0	0.0	0.0	0.0	0.0	1.0	0.0	0.0	0.0	0.0	0.0	0.0	0.0	0.0	0.0	0.0	0.0	0.0	0.0	0.0	0.0	0.0	0.0	0.0	0.0	0.0	0.0	0.0	0.0	0.0	
0.0	0.0	0.0	0.0	0.0	0.0	0.0	0.0	0.0	0.0	0.0	0.0	0.0	0.0	0.0	0.0	0.0	0.0	0.0	0.0	0.0	0.0	0.0	0.0	0.0	0.0	0.0	0.0	0.0	0.0	0.0	0.0	0.0	0.0	1.0	0.0	0.0	0.0	0.0	0.0	0.0	0.0	0.0	0.0	0.0	0.0	0.0	0.0	0.0	0.0	0.0	0.0	0.0	0.0	0.0	0.0	0.0	0.0	0.0	0.0	
0.0	0.0	0.0	0.0	0.0	0.0	0.0	0.0	0.0	0.0	0.0	0.0	0.0	0.0	0.0	0.0	0.0	0.0	0.0	0.0	0.0	0.0	0.0	0.0	0.0	0.0	0.0	0.0	0.0	0.0	0.0	0.0	0.0	0.0	0.0	0.0	0.0	1.0	0.0	0.0	0.0	0.0	0.0	0.0	0.0	0.0	0.0	0.0	0.0	0.0	0.0	0.0	0.0	0.0	0.0	0.0	0.0	0.0	0.0	0.0	
0.0	0.0	0.0	0.0	0.0	0.0	0.0	0.0	0.0	0.0	0.0	0.0	0.0	0.0	0.0	0.0	0.0	0.0	0.0	0.0	0.0	0.0	0.0	0.0	0.0	0.0	0.0	0.0	0.0	0.0	0.0	0.0	0.0	0.0	0.0	0.0	1.0	0.0	0.0	0.0	0.0	0.0	0.0	0.0	0.0	0.0	0.0	0.0	0.0	0.0	0.0	0.0	0.0	0.0	0.0	0.0	0.0	0.0	0.0	0.0	
0.0	0.0	0.0	0.0	0.0	0.0	0.0	0.0	0.0	0.0	0.0	0.0	0.0	0.0	0.0	0.0	0.0	0.0	0.0	0.0	0.0	0.0	0.0	0.0	0.0	0.0	0.0	0.0	0.0	0.0	0.0	0.0	0.0	0.0	0.0	0.0	0.0	0.0	0.0	1.0	0.0	0.0	0.0	0.0	0.0	0.0	0.0	0.0	0.0	0.0	0.0	0.0	0.0	0.0	0.0	0.0	0.0	0.0	0.0	0.0	
0.0	0.0	0.0	0.0	0.0	0.0	0.0	0.0	0.0	0.0	0.0	0.0	0.0	0.0	0.0	0.0	0.0	0.0	0.0	0.0	0.0	0.0	0.0	0.0	0.0	0.0	0.0	0.0	0.0	0.0	0.0	0.0	0.0	0.0	0.0	0.0	0.0	0.0	1.0	0.0	0.0	0.0	0.0	0.0	0.0	0.0	0.0	0.0	0.0	0.0	0.0	0.0	0.0	0.0	0.0	0.0	0.0	0.0	0.0	0.0	
0.0	0.0	0.0	0.0	0.0	0.0	0.0	0.0	0.0	0.0	0.0	0.0	0.0	0.0	0.0	0.0	0.0	0.0	0.0	0.0	0.0	0.0	0.0	0.0	0.0	0.0	0.0	0.0	0.0	0.0	0.0	0.0	0.0	0.0	0.0	0.0	0.0	0.0	0.0	0.0	0.0	1.0	0.0	0.0	0.0	0.0	0.0	0.0	0.0	0.0	0.0	0.0	0.0	0.0	0.0	0.0	0.0	0.0	0.0	0.0	
0.0	0.0	0.0	0.0	0.0	0.0	0.0	0.0	0.0	0.0	0.0	0.0	0.0	0.0	0.0	0.0	0.0	0.0	0.0	0.0	0.0	0.0	0.0	0.0	0.0	0.0	0.0	0.0	0.0	0.0	0.0	0.0	0.0	0.0	0.0	0.0	0.0	0.0	0.0	0.0	1.0	0.0	0.0	0.0	0.0	0.0	0.0	0.0	0.0	0.0	0.0	0.0	0.0	0.0	0.0	0.0	0.0	0.0	0.0	0.0	
0.0	0.0	0.0	0.0	0.0	0.0	0.0	0.0	0.0	0.0	0.0	0.0	0.0	0.0	0.0	0.0	0.0	0.0	0.0	0.0	0.0	0.0	0.0	0.0	0.0	0.0	0.0	0.0	0.0	0.0	0.0	0.0	0.0	0.0	0.0	0.0	0.0	0.0	0.0	0.0	0.0	0.0	0.0	1.0	0.0	0.0	0.0	0.0	0.0	0.0	0.0	0.0	0.0	0.0	0.0	0.0	0.0	0.0	0.0	0.0	
0.0	0.0	0.0	0.0	0.0	0.0	0.0	0.0	0.0	0.0	0.0	0.0	0.0	0.0	0.0	0.0	0.0	0.0	0.0	0.0	0.0	0.0	0.0	0.0	0.0	0.0	0.0	0.0	0.0	0.0	0.0	0.0	0.0	0.0	0.0	0.0	0.0	0.0	0.0	0.0	0.0	0.0	1.0	0.0	0.0	0.0	0.0	0.0	0.0	0.0	0.0	0.0	0.0	0.0	0.0	0.0	0.0	0.0	0.0	0.0	
0.0	0.0	0.0	0.0	0.0	0.0	0.0	0.0	0.0	0.0	0.0	0.0	0.0	0.0	0.0	0.0	0.0	0.0	0.0	0.0	0.0	0.0	0.0	0.0	0.0	0.0	0.0	0.0	0.0	0.0	0.0	0.0	0.0	0.0	0.0	0.0	0.0	0.0	0.0	0.0	0.0	0.0	0.0	0.0	0.0	1.0	0.0	0.0	0.0	0.0	0.0	0.0	0.0	0.0	0.0	0.0	0.0	0.0	0.0	0.0	
0.0	0.0	0.0	0.0	0.0	0.0	0.0	0.0	0.0	0.0	0.0	0.0	0.0	0.0	0.0	0.0	0.0	0.0	0.0	0.0	0.0	0.0	0.0	0.0	0.0	0.0	0.0	0.0	0.0	0.0	0.0	0.0	0.0	0.0	0.0	0.0	0.0	0.0	0.0	0.0	0.0	0.0	0.0	0.0	1.0	0.0	0.0	0.0	0.0	0.0	0.0	0.0	0.0	0.0	0.0	0.0	0.0	0.0	0.0	0.0	
0.0	0.0	0.0	0.0	0.0	0.0	0.0	0.0	0.0	0.0	0.0	0.0	0.0	0.0	0.0	0.0	0.0	0.0	0.0	0.0	0.0	0.0	0.0	0.0	0.0	0.0	0.0	0.0	0.0	0.0	0.0	0.0	0.0	0.0	0.0	0.0	0.0	0.0	0.0	0.0	0.0	0.0	0.0	0.0	0.0	0.0	0.0	1.0	0.0	0.0	0.0	0.0	0.0	0.0	0.0	0.0	0.0	0.0	0.0	0.0	
0.0	0.0	0.0	0.0	0.0	0.0	0.0	0.0	0.0	0.0	0.0	0.0	0.0	0.0	0.0	0.0	0.0	0.0	0.0	0.0	0.0	0.0	0.0	0.0	0.0	0.0	0.0	0.0	0.0	0.0	0.0	0.0	0.0	0.0	0.0	0.0	0.0	0.0	0.0	0.0	0.0	0.0	0.0	0.0	0.0	0.0	1.0	0.0	0.0	0.0	0.0	0.0	0.0	0.0	0.0	0.0	0.0	0.0	0.0	0.0	
0.0	0.0	0.0	0.0	0.0	0.0	0.0	0.0	0.0	0.0	0.0	0.0	0.0	0.0	0.0	0.0	0.0	0.0	0.0	0.0	0.0	0.0	0.0	0.0	0.0	0.0	0.0	0.0	0.0	0.0	0.0	0.0	0.0	0.0	0.0	0.0	0.0	0.0	0.0	0.0	0.0	0.0	0.0	0.0	0.0	0.0	0.0	0.0	0.0	1.0	0.0	0.0	0.0	0.0	0.0	0.0	0.0	0.0	0.0	0.0	
0.0	0.0	0.0	0.0	0.0	0.0	0.0	0.0	0.0	0.0	0.0	0.0	0.0	0.0	0.0	0.0	0.0	0.0	0.0	0.0	0.0	0.0	0.0	0.0	0.0	0.0	0.0	0.0	0.0	0.0	0.0	0.0	0.0	0.0	0.0	0.0	0.0	0.0	0.0	0.0	0.0	0.0	0.0	0.0	0.0	0.0	0.0	0.0	1.0	0.0	0.0	0.0	0.0	0.0	0.0	0.0	0.0	0.0	0.0	0.0	
0.0	0.0	0.0	0.0	0.0	0.0	0.0	0.0	0.0	0.0	0.0	0.0	0.0	0.0	0.0	0.0	0.0	0.0	0.0	0.0	0.0	0.0	0.0	0.0	0.0	0.0	0.0	0.0	0.0	0.0	0.0	0.0	0.0	0.0	0.0	0.0	0.0	0.0	0.0	0.0	0.0	0.0	0.0	0.0	0.0	0.0	0.0	0.0	0.0	0.0	0.0	1.0	0.0	0.0	0.0	0.0	0.0	0.0	0.0	0.0	
0.0	0.0	0.0	0.0	0.0	0.0	0.0	0.0	0.0	0.0	0.0	0.0	0.0	0.0	0.0	0.0	0.0	0.0	0.0	0.0	0.0	0.0	0.0	0.0	0.0	0.0	0.0	0.0	0.0	0.0	0.0	0.0	0.0	0.0	0.0	0.0	0.0	0.0	0.0	0.0	0.0	0.0	0.0	0.0	0.0	0.0	0.0	0.0	0.0	0.0	1.0	0.0	0.0	0.0	0.0	0.0	0.0	0.0	0.0	0.0	
0.0	0.0	0.0	0.0	0.0	0.0	0.0	0.0	0.0	0.0	0.0	0.0	0.0	0.0	0.0	0.0	0.0	0.0	0.0	0.0	0.0	0.0	0.0	0.0	0.0	0.0	0.0	0.0	0.0	0.0	0.0	0.0	0.0	0.0	0.0	0.0	0.0	0.0	0.0	0.0	0.0	0.0	0.0	0.0	0.0	0.0	0.0	0.0	0.0	0.0	0.0	0.0	0.0	1.0	0.0	0.0	0.0	0.0	0.0	0.0	
0.0	0.0	0.0	0.0	0.0	0.0	0.0	0.0	0.0	0.0	0.0	0.0	0.0	0.0	0.0	0.0	0.0	0.0	0.0	0.0	0.0	0.0	0.0	0.0	0.0	0.0	0.0	0.0	0.0	0.0	0.0	0.0	0.0	0.0	0.0	0.0	0.0	0.0	0.0	0.0	0.0	0.0	0.0	0.0	0.0	0.0	0.0	0.0	0.0	0.0	0.0	0.0	1.0	0.0	0.0	0.0	0.0	0.0	0.0	0.0	
0.0	0.0	0.0	0.0	0.0	0.0	0.0	0.0	0.0	0.0	0.0	0.0	0.0	0.0	0.0	0.0	0.0	0.0	0.0	0.0	0.0	0.0	0.0	0.0	0.0	0.0	0.0	0.0	0.0	0.0	0.0	0.0	0.0	0.0	0.0	0.0	0.0	0.0	0.0	0.0	0.0	0.0	0.0	0.0	0.0	0.0	0.0	0.0	0.0	0.0	0.0	0.0	0.0	0.0	0.0	1.0	0.0	0.0	0.0	0.0	
0.0	0.0	0.0	0.0	0.0	0.0	0.0	0.0	0.0	0.0	0.0	0.0	0.0	0.0	0.0	0.0	0.0	0.0	0.0	0.0	0.0	0.0	0.0	0.0	0.0	0.0	0.0	0.0	0.0	0.0	0.0	0.0	0.0	0.0	0.0	0.0	0.0	0.0	0.0	0.0	0.0	0.0	0.0	0.0	0.0	0.0	0.0	0.0	0.0	0.0	0.0	0.0	0.0	0.0	1.0	0.0	0.0	0.0	0.0	0.0	
0.0	0.0	0.0	0.0	0.0	0.0	0.0	0.0	0.0	0.0	0.0	0.0	0.0	0.0	0.0	0.0	0.0	0.0	0.0	0.0	0.0	0.0	0.0	0.0	0.0	0.0	0.0	0.0	0.0	0.0	0.0	0.0	0.0	0.0	0.0	0.0	0.0	0.0	0.0	0.0	0.0	0.0	0.0	0.0	0.0	0.0	0.0	0.0	0.0	0.0	0.0	0.0	0.0	0.0	0.0	0.0	0.0	1.0	0.0	0.0	
0.0	0.0	0.0	0.0	0.0	0.0	0.0	0.0	0.0	0.0	0.0	0.0	0.0	0.0	0.0	0.0	0.0	0.0	0.0	0.0	0.0	0.0	0.0	0.0	0.0	0.0	0.0	0.0	0.0	0.0	0.0	0.0	0.0	0.0	0.0	0.0	0.0	0.0	0.0	0.0	0.0	0.0	0.0	0.0	0.0	0.0	0.0	0.0	0.0	0.0	0.0	0.0	0.0	0.0	0.0	0.0	1.0	0.0	0.0	0.0	
0.0	0.0	0.0	0.0	0.0	0.0	0.0	0.0	0.0	0.0	0.0	0.0	0.0	0.0	0.0	0.0	0.0	0.0	0.0	0.0	0.0	0.0	0.0	0.0	0.0	0.0	0.0	0.0	0.0	0.0	0.0	0.0	0.0	0.0	0.0	0.0	0.0	0.0	0.0	0.0	0.0	0.0	0.0	0.0	0.0	0.0	0.0	0.0	0.0	0.0	0.0	0.0	0.0	0.0	0.0	0.0	0.0	0.0	0.0	1.0	
0.0	0.0	0.0	0.0	0.0	0.0	0.0	0.0	0.0	0.0	0.0	0.0	0.0	0.0	0.0	0.0	0.0	0.0	0.0	0.0	0.0	0.0	0.0	0.0	0.0	0.0	0.0	0.0	0.0	0.0	0.0	0.0	0.0	0.0	0.0	0.0	0.0	0.0	0.0	0.0	0.0	0.0	0.0	0.0	0.0	0.0	0.0	0.0	0.0	0.0	0.0	0.0	0.0	0.0	0.0	0.0	0.0	0.0	1.0	0.0	

flux(psi) = nothing

 Groundstate Energy: -31.76608409967392 

Directory already exists: ../Data
Directory already exists: ../Data/NSC
Directory already exists: ../Data/NSC/MPS
Directory already exists: ../Data/NSC/SZiSZj
52 	 31 
0.0 	 -1.1917376759612524e-27 	 0.0
0.1 	 -7.005675205097147e-27 	 5.812106994368464e-27
0.2 	 -5.1303230051140035e-27 	 8.615258573652236e-27
0.3 	 -5.587950439110085e-27 	 1.2657111371383262e-26
0.4 	 6.607147738150117e-27 	 1.0594690450180673e-26
0.5 	 1.3067096610413363e-26 	 2.43324771258137e-27
0.6 	 1.7523889020246385e-26 	 -9.823114396037966e-27
0.7 	 1.8802027103208027e-26 	 -3.4509128272949804e-26
0.8 	 6.2338141793336154e-27 	 -6.315670212511797e-26
0.9 	 -2.6969911576670604e-26 	 -9.793082047436559e-26
1.0 	 -8.231025225311785e-26 	 -9.624067119159251e-26
1.1 	 -1.1088153659655928e-25 	 -5.263884960949876e-26
1.2 	 -1.370868475027589e-25 	 -3.330576313821722e-26
1.3 	 -1.4832263228668824e-25 	 -1.7562074637345777e-27
1.4 	 -1.6006385003349766e-25 	 3.4684549880525976e-26
1.5 	 -1.315273603358331e-25 	 9.657251915584566e-26
1.6 	 -1.248059515188e-25 	 1.4759734197248147e-25
1.7 	 -1.049199979078715e-25 	 1.8998988521774638e-25
1.8 	 1.7629800713431573e-26 	 2.1771622937022947e-25
1.9 	 1.333542257057737e-25 	 1.9092776434577827e-25
2.0 	 1.5638960679254183e-25 	 1.4255483907100494e-25
2.1 	 1.6872853180478321e-25 	 7.954126756929279e-26
2.2 	 1.8005602218513497e-25 	 -2.7477897192562424e-27
2.3 	 1.6535936165842435e-25 	 -3.325892126655459e-26
2.4 	 1.2728933942184852e-25 	 -6.08546705266922e-26
2.5 	 1.2068876687704558e-25 	 -8.766355990070188e-26
2.6 	 7.724006402840072e-26 	 -8.759904688192988e-26
2.7 	 3.306209433317247e-26 	 -7.517044835837291e-26
2.8 	 4.545134429937926e-27 	 -4.108214023990001e-26
2.9 	 4.821193520245509e-27 	 -1.0094891468175256e-26
3.0 	 2.410065942064084e-26 	 1.2029738644919594e-26
3.1 	 4.883675183931831e-26 	 1.5886568321482282e-26
3.2 	 7.105553505039404e-26 	 -2.0887196248713888e-26
3.3 	 5.73305279467493e-26 	 -3.8199980914803186e-26
3.4 	 3.854438049390888e-26 	 -8.761902025794751e-26
3.5 	 7.456118617648097e-27 	 -1.0874706379661145e-25
3.6 	 -5.962746640495496e-26 	 -1.0103889288131066e-25
3.7 	 -1.0458974395421358e-25 	 -3.8597410861857796e-26
3.8 	 -1.5056364265183708e-25 	 3.515314620263656e-26
3.9 	 -1.6055572153491507e-25 	 1.32015681310018e-25
4.0 	 -1.6781021022168558e-25 	 1.4988801462973442e-25
4.1 	 -1.5202382329628062e-25 	 1.7664278386928572e-25
4.2 	 -1.0797371807232298e-25 	 2.324622320302481e-25
4.3 	 -2.820949962408093e-26 	 2.359784206143724e-25
4.4 	 5.576521129140829e-26 	 2.458551290843605e-25
4.5 	 1.7195759958860494e-25 	 2.2132162459028543e-25
4.6 	 2.07239257034723e-25 	 1.9372806186865269e-25
4.7 	 1.7416293076741563e-25 	 8.45577566161372e-26
4.8 	 1.3866557813328286e-25 	 8.377948429966894e-26
4.9 	 8.698817787040955e-26 	 2.61852631683952e-26
5.0 	 2.4872861671063114e-26 	 2.5689564888285354e-26
5.1 	 2.8974343816429913e-26 	 8.60117098747801e-26
5.2 	 8.285921819601837e-26 	 1.1781640542241975e-25
5.3 	 8.529491308931613e-26 	 1.257419322785952e-25
5.4 	 5.673085317145914e-26 	 1.2676668510723336e-25
5.5 	 9.79445088439004e-26 	 1.4360212314483006e-25
5.6 	 2.1256737608726027e-25 	 1.2341016421278759e-25
5.7 	 2.7372830315605704e-25 	 7.087786308971671e-26
5.8 	 3.102804027624909e-25 	 -4.076802405418124e-26
5.9 	 2.3823728768919367e-25 	 -1.946996072525355e-25
6.0 	 4.956057641378071e-26 	 -3.2254749594877946e-25
6.1 	 -1.9048483277827224e-25 	 -3.727963783446194e-25
6.2 	 -5.7883806481766605e-25 	 -3.770308954907515e-25
6.3 	 -9.169755558294464e-25 	 -1.3700621265590902e-25
6.4 	 -1.2688256081760859e-24 	 2.2941714385214634e-25
6.5 	 -1.5613723485984872e-24 	 7.421869388407149e-25
6.6 	 -1.7466868815313967e-24 	 1.4343179274163685e-24
6.7 	 -1.7915402886259977e-24 	 2.3437534751983986e-24
6.8 	 -1.5911822324324933e-24 	 3.50154306291682e-24
6.9 	 -7.860416922392805e-25 	 4.9236770116958616e-24
7.0 	 1.1903285646601138e-24 	 6.125447111724233e-24
7.1 	 4.315223629621804e-24 	 5.592872521321228e-24
7.2 	 7.286354693606442e-24 	 3.082397156639085e-24
7.3 	 8.479080998112232e-24 	 -1.4080281565144356e-24
7.4 	 6.730726976360831e-24 	 -6.2658929127559705e-24
7.5 	 2.4595106621636284e-24 	 -9.412091919663034e-24
7.6 	 -2.6853679749394334e-24 	 -1.0192961051882388e-23
7.7 	 -7.794383432004998e-24 	 -8.983686747039273e-24
7.8 	 -1.296821516082866e-23 	 -6.0775909335276596e-24
7.9 	 -1.9262620947884048e-23 	 -8.6048211337251e-25
8.0 	 -2.981263233765168e-23 	 8.257023981723446e-24
8.1 	 -3.8172854838930307e-23 	 2.673533572842157e-23
8.2 	 -3.5933797884111865e-23 	 5.505796815215827e-23
8.3 	 -8.719974343375499e-24 	 8.311870247671558e-23
8.4 	 4.178578464458783e-23 	 8.798850925111613e-23
8.5 	 9.09091115785359e-23 	 5.771593940132842e-23
8.6 	 1.138383894523684e-22 	 3.877514639169482e-25
8.7 	 9.91146303201527e-23 	 -6.007375421436862e-23
8.8 	 5.735317304075912e-23 	 -1.0173227126795468e-22
8.9 	 3.2898134557515798e-24 	 -1.2095167877066404e-22
9.0 	 -6.025226412358018e-23 	 -1.222946193056009e-22
9.1 	 -1.3916042187132203e-22 	 -9.551098309941545e-23
9.2 	 -2.291039808926612e-22 	 -1.431604793830251e-23
9.3 	 -2.9696107993948607e-22 	 1.5469946201849868e-22
9.4 	 -2.703551443836121e-22 	 4.257750890147767e-22
9.5 	 -1.36420391621072e-22 	 7.2239501321323985e-22
9.6 	 1.3665446623559858e-22 	 1.013928086068647e-21
9.7 	 7.6345703622568655e-22 	 1.1398872903455437e-21
9.8 	 1.5062185046548572e-21 	 8.30195026370252e-22
9.9 	 2.0074133024906566e-21 	 4.7881373716038666e-23
10.0 	 2.001731258976591e-21 	 -9.350675024074158e-22
10.1 	 1.524157576772092e-21 	 -1.7996392555116947e-21
10.2 	 7.511107247829773e-22 	 -2.482474798187152e-21
10.3 	 -3.909219898547985e-22 	 -2.934048420355233e-21
10.4 	 -2.017034305431594e-21 	 -2.8760354508886387e-21
10.5 	 -3.9447597525795215e-21 	 -1.776513932542335e-21
10.6 	 -5.496310032863185e-21 	 7.516505993168945e-22
10.7 	 -5.677941437829773e-21 	 4.608399921536591e-21
10.8 	 -3.574646373946707e-21 	 9.126997013074534e-21
10.9 	 1.4500079222769046e-21 	 1.3215201073208729e-20
11.0 	 1.070525436812985e-20 	 1.538169351685778e-20
11.1 	 2.2235848414903475e-20 	 1.2526156604388978e-20
11.2 	 3.275158084889056e-20 	 3.3272186999672853e-21
11.3 	 3.7715696145550476e-20 	 -9.881410363441333e-21
11.4 	 3.598644645130872e-20 	 -2.485976232156224e-20
11.5 	 2.7651684279421715e-20 	 -4.0759701850106573e-20
11.6 	 1.0584341485152755e-20 	 -5.531608726074515e-20
11.7 	 -1.7209931964959416e-20 	 -6.284701019553109e-20
11.8 	 -5.238846289096762e-20 	 -5.522493658576181e-20
11.9 	 -8.563316006526116e-20 	 -2.849951263653822e-20
12.0 	 -1.0808790651180853e-19 	 1.540124719104862e-20
12.1 	 -1.1797507784332372e-19 	 7.329625445232404e-20
12.2 	 -1.1108469105641674e-19 	 1.543711288413816e-19
12.3 	 -5.592848963058905e-20 	 2.6810169254249346e-19
12.4 	 1.0466228191255231e-19 	 3.8410212251687316e-19
12.5 	 3.520911864449047e-19 	 3.9965711247798013e-19
12.6 	 6.001561080448291e-19 	 2.7008296401328103e-19
12.7 	 7.658330674602235e-19 	 3.379410138692991e-20
12.8 	 8.292995688171208e-19 	 -2.438528108031292e-19
12.9 	 8.00323031307095e-19 	 -5.221492871660265e-19
13.0 	 6.000787742110059e-19 	 -7.755401460846479e-19
13.1 	 3.2654001143709075e-19 	 -9.258123855925878e-19
13.2 	 6.893498799756828e-20 	 -1.0003279933766938e-18
13.3 	 -2.1815424830164258e-19 	 -1.1484881850516748e-18
13.4 	 -8.708800752074521e-19 	 -1.3421903897471766e-18
13.5 	 -2.1218658365787227e-18 	 -9.57561486858544e-19
13.6 	 -3.2329806789721595e-18 	 8.659463335863457e-19
13.7 	 -2.514189102059139e-18 	 3.848559562181949e-18
13.8 	 7.900987673988155e-19 	 5.905113337320602e-18
13.9 	 4.597890159135633e-18 	 5.271276378555557e-18
14.0 	 6.942552309528502e-18 	 2.9468418895041813e-18
14.1 	 7.630513634397858e-18 	 5.297245050571083e-19
14.2 	 7.478982740142022e-18 	 -9.465102341284746e-19
14.3 	 7.7105093389539e-18 	 -1.0724923210431998e-18
14.4 	 1.0339173021210888e-17 	 -3.9877403258566666e-19
14.5 	 1.7132570230308764e-17 	 -2.420592121318351e-18
14.6 	 2.216107153704265e-17 	 -1.3299957510320999e-17
14.7 	 1.562141272261945e-17 	 -3.2114396235722064e-17
14.8 	 -1.0905029595962084e-17 	 -4.548871414129331e-17
14.9 	 -4.881230611148435e-17 	 -3.25367986783553e-17
15.0 	 -6.939158299384249e-17 	 1.1834617719219204e-17
15.1 	 -5.0514831091554174e-17 	 6.123279302215559e-17
15.2 	 -8.96479389449399e-18 	 8.26495269682072e-17
15.3 	 1.9709817587469624e-17 	 8.083135954635393e-17
15.4 	 3.288749338059494e-17 	 8.285158801244325e-17
15.5 	 4.709999123841907e-17 	 1.0033050810294396e-16
15.6 	 7.803219661746379e-17 	 1.3211508933695244e-16
15.7 	 1.4325875233864298e-16 	 1.731553054566791e-16
15.8 	 2.7058162010783123e-16 	 1.9976957656951437e-16
15.9 	 4.712105082729953e-16 	 1.4109773511560106e-16
16.0 	 6.653991323313938e-16 	 -9.390823121956072e-17
16.1 	 6.721234353664292e-16 	 -4.872455835158715e-16
16.2 	 3.681132091029353e-16 	 -8.163416489403638e-16
16.3 	 -1.2609219773362554e-16 	 -7.939942881430498e-16
16.4 	 -4.159087374829801e-16 	 -4.91351775156143e-16
16.5 	 -4.716467566540813e-16 	 -1.846945798771133e-16
16.6 	 -4.489134318639403e-16 	 7.96006204611874e-17
16.7 	 -3.821232612634926e-16 	 3.6387446539426146e-16
16.8 	 -2.860586990996293e-16 	 6.252582713550514e-16
16.9 	 -2.3491185629288116e-16 	 9.80545184459694e-16
17.0 	 -7.519647164164238e-17 	 1.660095032695255e-15
17.1 	 6.525753947696606e-16 	 2.690723267624551e-15
17.2 	 2.547354569479074e-15 	 3.6079746388216415e-15
17.3 	 5.661773011188369e-15 	 3.1597763516896274e-15
17.4 	 8.574043769428918e-15 	 2.031824436070535e-16
17.5 	 9.081022086811972e-15 	 -4.464588777170046e-15
17.6 	 6.699990360666397e-15 	 -8.440949145552588e-15
17.7 	 3.3269904109858797e-15 	 -1.032690858696181e-14
17.8 	 1.1741979646810829e-16 	 -1.1207367811446281e-14
17.9 	 -5.138125050774754e-15 	 -9.6977495711787e-15
18.0 	 -8.754968337214948e-15 	 -4.871212594513287e-15
18.1 	 -8.679277308139298e-15 	 1.4589290348619684e-16
18.2 	 -9.39668986191427e-15 	 2.722655815778626e-15
18.3 	 -1.3581586758874995e-14 	 8.197829904883963e-15
18.4 	 -1.5861868092986972e-14 	 2.2446672693008554e-14
18.5 	 -5.382869433811873e-15 	 4.409024412146099e-14
18.6 	 2.6408098008309917e-14 	 5.994197436565761e-14
18.7 	 7.177138151558374e-14 	 4.937310876532229e-14
18.8 	 1.041878759429885e-13 	 6.713520982438215e-15
18.9 	 1.051326739348815e-13 	 -4.6557074620125756e-14
19.0 	 8.585021384639778e-14 	 -8.93243944365923e-14
19.1 	 5.824333612992748e-14 	 -1.3037354137647817e-13
19.2 	 5.04933270165725e-16 	 -1.7194735582450822e-13
19.3 	 -9.233458221690856e-14 	 -1.7159826616060157e-13
19.4 	 -1.631491020784437e-13 	 -1.1050385608264687e-13
19.5 	 -1.9985825615924063e-13 	 -3.2239022969634714e-14
19.6 	 -2.5721768168828825e-13 	 3.0996108682341296e-14
19.7 	 -3.5226808682481734e-13 	 1.6448021205504667e-13
19.8 	 -4.051374695333121e-13 	 4.063271464379839e-13
19.9 	 -3.373517629271526e-13 	 7.592426449841644e-13
20.0 	 -4.471282260607724e-15 	 1.1610549050233824e-12
20.1 	 6.503336114291503e-13 	 1.3402040678041414e-12
20.2 	 1.3342730628359063e-12 	 1.0705678558392115e-12
20.3 	 1.7226706306630198e-12 	 5.672322326485187e-13
20.4 	 1.9823671749804414e-12 	 1.2221491649210667e-13
20.5 	 2.3318189925588984e-12 	 -5.416911475173534e-13
20.6 	 2.240086545876268e-12 	 -1.6842677750996565e-12
20.7 	 1.2161066740889069e-12 	 -2.537957890905919e-12
20.8 	 1.211728604154358e-13 	 -2.318552958165654e-12
20.9 	 -1.2229119973494421e-13 	 -1.8942728605271017e-12
21.0 	 -5.918102520828041e-13 	 -2.0455295048278548e-12
21.1 	 -2.0374234147327474e-12 	 -1.2789739948128647e-12
21.2 	 -3.3458222134854912e-12 	 1.8382100534172246e-12
21.3 	 -7.876720777722025e-13 	 7.381211477443527e-12
21.4 	 8.346337439837289e-12 	 9.664427575171001e-12
21.5 	 1.812162894663461e-11 	 2.3147980525913875e-12
21.6 	 1.939264129423983e-11 	 -1.0834985897141731e-11
21.7 	 1.3010860663012307e-11 	 -2.0817248862183532e-11
21.8 	 4.747795096184377e-12 	 -2.7555218437541345e-11
21.9 	 -8.362395222492794e-12 	 -3.318035613686146e-11
22.0 	 -2.7645600539564882e-11 	 -2.890912123411445e-11
22.1 	 -4.0790061682637804e-11 	 -1.0213413142070631e-11
22.2 	 -3.8462983409042634e-11 	 1.0136642715701546e-11
22.3 	 -3.0514720748370124e-11 	 1.890832909466825e-11
22.4 	 -2.8939351625951825e-11 	 2.6713763114262007e-11
22.5 	 -2.0716034863762176e-11 	 4.152857532827383e-11
22.6 	 -1.4451819294764567e-12 	 4.470131937527718e-11
22.7 	 5.044026637101411e-13 	 3.416419757873772e-11
22.8 	 -1.6002717926736e-11 	 4.4880436218855405e-11
22.9 	 -1.0333754317025407e-11 	 8.74483657264734e-11
23.0 	 4.058976254830246e-11 	 1.2057542354504217e-10
23.1 	 1.0357705458650342e-10 	 1.1219591255306445e-10
23.2 	 1.4903414995264317e-10 	 8.551817613920133e-11
23.3 	 2.016347960443279e-10 	 5.861817151566804e-11
23.4 	 2.740394763367748e-10 	 -1.2425345994749165e-11
23.5 	 2.9551280641010346e-10 	 -1.5577201342157804e-10
23.6 	 2.0346441737664532e-10 	 -2.8551426487298813e-10
23.7 	 7.766196620183046e-11 	 -3.057897603283054e-10
23.8 	 2.2898592038204327e-11 	 -2.774187019222547e-10
23.9 	 -1.677332664184965e-11 	 -2.7244267993484266e-10
24.0 	 -7.876403392929583e-11 	 -2.607287299635294e-10
24.1 	 -1.1901183949430625e-10 	 -2.0144070185372555e-10
24.2 	 -9.086784222013679e-11 	 -1.4892618699718684e-10
24.3 	 -3.701167541499584e-11 	 -1.6522825407677308e-10
24.4 	 -2.3718059009056174e-11 	 -2.399154495263863e-10
24.5 	 -7.52212394329764e-11 	 -3.108261161629728e-10
24.6 	 -1.7260930143254103e-10 	 -3.59400990708721e-10
24.7 	 -3.042680691945817e-10 	 -3.6582223799863024e-10
24.8 	 -4.4421567139414663e-10 	 -3.1166278198628633e-10
24.9 	 -5.571793234721635e-10 	 -2.0219612079450196e-10
25.0 	 -6.259411201444039e-10 	 -6.10309217301438e-11
25.1 	 -6.469991814056282e-10 	 9.70691215979756e-11
25.2 	 -6.052684138042219e-10 	 2.5630551149166527e-10
25.3 	 -4.983001315947983e-10 	 3.6877278584365914e-10
25.4 	 -3.8333794057727e-10 	 3.970352958568013e-10
25.5 	 -3.1921634437612494e-10 	 3.7737328742329975e-10
25.6 	 -3.453067419810925e-10 	 6.199566023775283e-10
25.7 	 -1.7941326498319e-10 	 9.75543380840444e-10
25.8 	 2.0105847616279804e-10 	 1.2555257905330209e-9
25.9 	 7.504373252158912e-10 	 1.3740578353295457e-9
26.0 	 1.4175679807942584e-9 	 1.230367212084999e-9
26.1 	 2.0274900678550066e-9 	 7.14740193843884e-10
26.2 	 2.2852624556605777e-9 	 -7.023122299875485e-11
26.3 	 2.113750721848423e-9 	 -7.298719705356987e-10
26.4 	 1.8907726758478846e-9 	 -9.766186679599616e-10
26.5 	 2.3938959733572794e-9 	 -9.236919270625297e-10
26.6 	 3.6094900573100078e-9 	 -1.3513764457499492e-9
26.7 	 5.120265882010308e-9 	 -2.8808338159839504e-9
26.8 	 6.148090540008166e-9 	 -5.882348154596378e-9
26.9 	 5.589347579764438e-9 	 -1.0076631658765326e-8
27.0 	 2.7920810622232575e-9 	 -1.4298009513773943e-8
27.1 	 -1.773012498869751e-9 	 -1.7363468268228618e-8
27.2 	 -7.254489040027662e-9 	 -1.9081793347616652e-8
27.3 	 -1.3589735946667305e-8 	 -1.9707122747786466e-8
27.4 	 -1.9785548803729305e-8 	 -1.813645809370443e-8
27.5 	 -2.6430231490183634e-8 	 -1.4708356063949614e-8
27.6 	 -3.2314020230649587e-8 	 -8.837765560530347e-9
27.7 	 -3.6027038113849594e-8 	 -1.6073931497644433e-9
27.8 	 -3.805571127811422e-8 	 5.2172640518545376e-9
27.9 	 -4.029849170136072e-8 	 1.1405382002419812e-8
28.0 	 -4.391669336940241e-8 	 1.8787744964899342e-8
28.1 	 -4.7996166172634846e-8 	 2.963289989006526e-8
28.2 	 -5.029985242251689e-8 	 4.4982279018612905e-8
28.3 	 -4.7688666253882294e-8 	 6.524689274392571e-8
28.4 	 -3.8286022767756986e-8 	 8.884412149699045e-8
28.5 	 -1.8839425279779404e-8 	 1.1447401855854506e-7
28.6 	 1.5247662777589424e-8 	 1.3710569228722657e-7
28.7 	 6.41960026433639e-8 	 1.460291774712769e-7
28.8 	 1.1809900746361749e-7 	 1.3113344744805551e-7
28.9 	 1.6075875139593304e-7 	 9.288161696201973e-8
29.0 	 1.814509614060633e-7 	 4.3720493721536015e-8
29.1 	 1.8198083859331854e-7 	 -1.3785269472072489e-9
29.2 	 1.7284980621860377e-7 	 -3.501413564022817e-8
29.3 	 1.642770127915354e-7 	 -5.970014578719733e-8
29.4 	 1.601025259224907e-7 	 -8.326073226561486e-8
29.5 	 1.5739889875975975e-7 	 -1.1263282891098949e-7
29.6 	 2.2658632678789894e-7 	 -2.19166308444111e-7
29.7 	 2.3316115135259385e-7 	 -3.9652258980134126e-7
29.8 	 1.3239237967935225e-7 	 -6.08934396155709e-7
29.9 	 -9.96106713920189e-8 	 -7.963868267521066e-7
30.0 	 -4.5241455345821413e-7 	 -8.867075721744683e-7
30.1 	 -8.606499211847951e-7 	 -8.264093241186577e-7
30.2 	 -1.2161700814075508e-6 	 -6.568879191350425e-7
30.3 	 -1.5381496483083791e-6 	 -3.7665687311233126e-7
30.4 	 -1.801648419223124e-6 	 -5.695182138536048e-9
30.5 	 -1.997780414005743e-6 	 4.354896433162617e-7
30.6 	 -2.1286045853935974e-6 	 9.367037358431171e-7
30.7 	 -2.195964811027038e-6 	 1.5036235550016897e-6
30.8 	 -2.1882399117222448e-6 	 2.155063801988967e-6
30.9 	 -2.0705590513692953e-6 	 2.9115187478643627e-6
31.0 	 -1.783792014573631e-6 	 3.7783247055953287e-6
31.1 	 -1.2543845171780153e-6 	 4.729846890888812e-6
31.2 	 -4.140173973940307e-7 	 5.700615816494322e-6
31.3 	 7.962302185530062e-7 	 6.566787704521677e-6
31.4 	 2.3531435531633705e-6 	 7.166673335451264e-6
31.5 	 4.172393908928893e-6 	 7.442465301829026e-6
31.6 	 6.197396118189505e-6 	 7.333426099607892e-6
31.7 	 8.38068189495398e-6 	 6.785375463247165e-6
31.8 	 1.0677926500654793e-5 	 5.73136554426187e-6
31.9 	 1.3029450143045384e-5 	 4.079518247293046e-6
32.0 	 1.5361735145210647e-5 	 1.6620809337430257e-6
32.1 	 1.7471186066434774e-5 	 -1.8396908165613686e-6
32.2 	 1.8868517457403487e-5 	 -6.297354362536571e-6
32.3 	 1.9171493524879418e-5 	 -1.1596831771158594e-5
32.4 	 1.8004446240568916e-5 	 -1.7456862708411934e-5
32.5 	 1.5085758230323619e-5 	 -2.34320925551103e-5
32.6 	 1.029699018336139e-5 	 -2.8969588425542734e-5
32.7 	 3.704969031393773e-6 	 -3.3485358248900335e-5
32.8 	 -4.431667338370394e-6 	 -3.641076161270141e-5
32.9 	 -1.3721157031104343e-5 	 -3.72761037680397e-5
33.0 	 -2.3664797177139268e-5 	 -3.5706581235716946e-5
33.1 	 -3.362658408099889e-5 	 -3.143112883517424e-5
33.2 	 -4.287235643820517e-5 	 -2.4470859567591687e-5
33.3 	 -5.0671032928119714e-5 	 -1.4813056717830284e-5
33.4 	 -5.621906094191175e-5 	 -2.7245730526602217e-6
33.5 	 -5.8761279544048366e-5 	 1.1238961222191394e-5
33.6 	 -5.7690565745445085e-5 	 2.627395885468836e-5
33.7 	 -5.263546373288557e-5 	 4.138387857572008e-5
33.8 	 -4.351545197239853e-5 	 5.546538656802141e-5
33.9 	 -3.055837653961993e-5 	 6.740394157258178e-5
34.0 	 -1.4244219358081895e-5 	 7.613651236737722e-5
34.1 	 4.603273953768819e-6 	 8.081367341758404e-5
34.2 	 2.4986349001605167e-5 	 8.07268134430492e-5
34.3 	 4.571765281322463e-5 	 7.539702663720722e-5
34.4 	 6.545346965080518e-5 	 6.46362826104732e-5
34.5 	 8.28092302737953e-5 	 4.8598772329443744e-5
34.6 	 9.645561128454677e-5 	 2.7762528275361457e-5
34.7 	 0.0001048940947512457 	 3.0944810883792994e-6
34.8 	 0.00010705451077381887 	 -2.4097319474290917e-5
34.9 	 0.00010219684168396849 	 -5.220512605087052e-5
35.0 	 8.9996176992334e-5 	 -7.940528932792614e-5
35.1 	 7.051742030169018e-5 	 -0.00010389436524240208
35.2 	 4.446389028467795e-5 	 -0.0001235973181751999
35.3 	 1.3028798788475968e-5 	 -0.00013675248660636511
35.4 	 -2.2130578844409372e-5 	 -0.0001419078974389804
35.5 	 -5.89770882207466e-5 	 -0.00013803776247704077
35.6 	 -9.520181415556757e-5 	 -0.00012463370838992525
35.7 	 -0.00012834619891370763 	 -0.00010177346169993622
35.8 	 -0.00015591968427259678 	 -7.014583855077679e-5
35.9 	 -0.0001756163978963804 	 -3.112653193768748e-5
36.0 	 -0.00018547007145717728 	 1.3298595903773341e-5
36.1 	 -0.000184005799755491 	 6.062232000994196e-5
36.2 	 -0.00017039734189422945 	 0.00010793489992393112
36.3 	 -0.00014456392587820083 	 0.00015208748038877034
36.4 	 -0.00010722008077541906 	 0.00018980861533389768
36.5 	 -6.002081437429436e-5 	 0.00021824892898206883
36.6 	 -5.295783508305818e-6 	 0.0002348301105642039
36.7 	 5.394880614096808e-5 	 0.00023756532676392277
36.8 	 0.00011418171407926109 	 0.00022523691842052244
36.9 	 0.0001715469756558594 	 0.0001975361258297386
37.0 	 0.0002220993193246651 	 0.0001551464329526542
37.1 	 0.0002620610868017135 	 9.976753473012277e-5
37.2 	 0.0002880847737981325 	 3.407547953070177e-5
37.3 	 0.00029752049571029254 	 -3.8404748301548255e-5
37.4 	 0.000288587077585662 	 -0.0001134371529877063
37.5 	 0.0002606026963669801 	 -0.00018632212343776077
37.6 	 0.0002141015241019927 	 -0.0002521902160625705
37.7 	 0.00015087026431959838 	 -0.0003063066330975758
37.8 	 7.391799052142663e-5 	 -0.00034439573038692114
37.9 	 -1.2648382309102837e-5 	 -0.0003629700199173018
38.0 	 -0.00010384138928489942 	 -0.0003596072856765321
38.1 	 -0.0001940634363579417 	 -0.0003331658833373673
38.2 	 -0.000277398060942271 	 -0.00028391109686152057
38.3 	 -0.00034808398227564505 	 -0.0002136903874225674
38.4 	 -0.00040081836690376686 	 -0.00012579018096249466
38.5 	 -0.0004311613237363925 	 -2.4844178591685597e-5
38.6 	 -0.00043587976259089247 	 8.339642382730643e-5
38.7 	 -0.00041322813595767987 	 0.00019238065511360098
38.8 	 -0.0003631448996532972 	 0.00029514152916171793
38.9 	 -0.00028735397365844945 	 0.00038472997089076237
39.0 	 -0.0001893474922602577 	 0.0004546729869434833
39.1 	 -7.42562061781764e-5 	 0.0004994218320507999
39.2 	 5.1392750585397314e-5 	 0.000514819690215528
39.3 	 0.00018006318242557242 	 0.0004983862589226994
39.4 	 0.0003036407984549682 	 0.00044958863288053455
39.5 	 0.0004139381491183746 	 0.0003699736318500082
39.6 	 0.0005032294858382957 	 0.00026316955727379336
39.7 	 0.0005647850795602002 	 0.00013475059685592346
39.8 	 0.0005933636015466477 	 -8.03800749908403e-6
39.9 	 0.0005856266856989865 	 -0.00015667917800997645
40.0 	 0.0005404473470965064 	 -0.00030188624537540924
40.1 	 0.0004590851858110151 	 -0.0004341802687307466
40.2 	 0.0003452101276521688 	 -0.0005445062235364864
40.3 	 0.00020476643754438427 	 -0.0006248482124911755
40.4 	 4.567914127716653e-5 	 -0.0006688023354393255
40.5 	 -0.00012258428639826114 	 -0.0006720668892237482
40.6 	 -0.0002895734565475582 	 -0.0006328136527533587
40.7 	 -0.000444503383298539 	 -0.000551908982124756
40.8 	 -0.0005769514400800319 	 -0.0004329640060957439
40.9 	 -0.0006775575042673573 	 -0.00028220500002791045
41.0 	 -0.000738682315537007 	 -0.00010816493603658719
41.1 	 -0.0007549764357914804 	 7.879303684662944e-5
41.2 	 -0.0007238170197471999 	 0.00026709000895459704
41.3 	 -0.0006455794910306575 	 0.00044465048199416316
41.4 	 -0.0005237190604135771 	 0.0005996806265052639
41.5 	 -0.00036464986978740983 	 0.0007214552544658364
41.6 	 -0.00017742277881376716 	 0.0008010608461025776
41.7 	 2.6783483635210497e-5 	 0.0008320430658280934
41.8 	 0.0002353303672187561 	 0.0008109119264852315
41.9 	 0.0004349051642475351 	 0.0007374655737838831
42.0 	 0.0006123773878183197 	 0.0006149059499093232
42.1 	 0.0007556697047174887 	 0.00044973109806740845
42.2 	 0.0008545851774257012 	 0.0002514044098052725
42.3 	 0.0009015336619698568 	 3.1816423204317614e-5
42.4 	 0.000892105154238639 	 -0.0001954307003222155
42.5 	 0.0008254472238889166 	 -0.00041587239373755793
42.6 	 0.0007044161166070016 	 -0.0006151113498006212
42.7 	 0.0005354856056953613 	 -0.0007797678468538694
42.8 	 0.00032841157457938404 	 -0.0008983870119946382
42.9 	 9.566994879783142e-5 	 -0.0009622406460844561
43.0 	 -0.0001483000584919129 	 -0.0009659671358688675
43.1 	 -0.00038800137089172793 	 -0.0009080023427324622
43.2 	 -0.0006078754844032601 	 -0.0007907677354795434
43.3 	 -0.0007933251944752468 	 -0.0006205977728087597
43.4 	 -0.0009316961192399144 	 -0.0004074043012882127
43.5 	 -0.0010131474182176554 	 -0.000164097814338104
43.6 	 -0.0010313545722406732 	 9.420309750095973e-5
43.7 	 -0.0009839915960985657 	 0.00035112417286388973
43.8 	 -0.0008729564529502045 	 0.0005900890489998851
43.9 	 -0.0007043197576730486 	 0.0007954049980596066
44.0 	 -0.0004879953219252993 	 0.0009533083778253528
44.1 	 -0.00023715013781268405 	 0.0010528986151349612
44.2 	 3.260995941661279e-5 	 0.0010868963533717231
44.3 	 0.0003042280646068378 	 0.0010521731327450727
44.4 	 0.0005602943515155388 	 0.0009500133043275541
44.5 	 0.0007841819515398484 	 0.0007860866637000907
44.6 	 0.0009611446664320528 	 0.0005701302725040757
44.7 	 0.0010793025963935653 	 0.0003153575524757365
44.8 	 0.0011304485397641917 	 3.7631348183382767e-5
44.9 	 0.0011106195178359124 	 -0.0002455460245017318
45.0 	 0.0010203931412377928 	 -0.0005161599196153737
45.1 	 0.000864886742450678 	 -0.0007568533563587239
45.2 	 0.0006534571613236332 	 -0.0009520620135533544
45.3 	 0.0003991193353650955 	 -0.0010890382338104702
45.4 	 0.00011772091958064175 	 -0.001158695125066781
45.5 	 -0.00017307313969734404 	 -0.0011562136062602095
45.6 	 -0.00045491905463493587 	 -0.0010813710644271893
45.7 	 -0.0007099797494574454 	 -0.0009385685326934235
45.8 	 -0.0009220798617964241 	 -0.0007365567308406057
45.9 	 -0.0010777518908356028 	 -0.0004878747542586385
46.0 	 -0.0011671049866136117 	 -0.0002080418540761508
46.1 	 -0.0011844591170390416 	 8.544411560715894e-5
46.2 	 -0.0011287027187100438 	 0.00037423536414689845
46.3 	 -0.0010033513624531486 	 0.0006403141796579713
46.4 	 -0.0008163051248330376 	 0.0008671462007267111
46.5 	 -0.0005793224066997327 	 0.0010407310585578656
46.6 	 -0.0003072468404857568 	 0.0011504817618989065
46.7 	 -1.7040151683885897e-5 	 0.0011898762368600343
46.8 	 0.0002733135591559556 	 0.0011568402157095996
46.9 	 0.0005459587492635734 	 0.001053839078015626
47.0 	 0.0007842983685650345 	 0.0008876759997545434
47.1 	 0.0009740290100833607 	 0.0006690134245674438
47.2 	 0.0011040148711632478 	 0.00041165305616723926
47.3 	 0.0011669458480809659 	 0.00013162510105854013
47.4 	 0.0011597403485417964 	 -0.00015385058471348463
47.5 	 0.0010836712458961839 	 -0.0004274614877597554
47.6 	 0.0009442122181165206 	 -0.0006728852283223399
47.7 	 0.0007506195098365583 	 -0.0008757871981826353
47.8 	 0.0005152836698546909 	 -0.0010246711969868264
47.9 	 0.0002528982291316091 	 -0.001111531950859824
48.0 	 -2.0497380634569345e-5 	 -0.0011322716128728152
48.1 	 -0.00028853484520365605 	 -0.0010868603670706697
48.2 	 -0.0005355272764471957 	 -0.0009792380429926998
48.3 	 -0.0007474083380759962 	 -0.0008169708131467418
48.4 	 -0.0009125426219201728 	 -0.0006106926164685842
48.5 	 -0.001022359929824707 	 -0.00037337401688054714
48.6 	 -0.0010717794125350054 	 -0.00011947099712395721
48.7 	 -0.0010594045744428177 	 0.0001359879969454671
48.8 	 -0.000987485850316956 	 0.00037831681102046093
48.9 	 -0.0008616627025992171 	 0.0005940306493096494
49.0 	 -0.0006905109446023968 	 0.0007715982127939797
49.1 	 -0.00048493233063574273 	 0.0009020450710661785
49.2 	 -0.0002574316778327619 	 0.000979378156761959
49.3 	 -2.133148120627065e-5 	 0.0010008143321847168
49.4 	 0.00021002489396371946 	 0.000966809351667192
49.5 	 0.0004240326598637453 	 0.0008808962832033339
49.6 	 0.0006095041803686037 	 0.0007493537565180904
49.7 	 0.0007572307462940515 	 0.0005807343127859873
49.8 	 0.0008604019823072834 	 0.00038528899363878596
49.9 	 0.0009148674317523779 	 0.00017432878256467443
50.0 	 0.0009192359102208514 	 -4.043602036568229e-5
Tue Aug  6 14:37:08 IST 2024
